Archive member included to satisfy reference by file (symbol)

C:/ST/STM32CubeIDE_2.0.0/STM32CubeIDE/plugins/com.st.stm32cube.ide.mcu.externaltools.gnu-tools-for-stm32.13.3.rel1.win32_1.0.100.202509120712/tools/bin/../lib/gcc/arm-none-eabi/13.3.1/../../../../arm-none-eabi/lib/thumb/v7e-m+dp/hard\libc_nano.a(libc_a-exit.o)
                              C:/ST/STM32CubeIDE_2.0.0/STM32CubeIDE/plugins/com.st.stm32cube.ide.mcu.externaltools.gnu-tools-for-stm32.13.3.rel1.win32_1.0.100.202509120712/tools/bin/../lib/gcc/arm-none-eabi/13.3.1/../../../../arm-none-eabi/lib/thumb/v7e-m+dp/hard/crt0.o (exit)
C:/ST/STM32CubeIDE_2.0.0/STM32CubeIDE/plugins/com.st.stm32cube.ide.mcu.externaltools.gnu-tools-for-stm32.13.3.rel1.win32_1.0.100.202509120712/tools/bin/../lib/gcc/arm-none-eabi/13.3.1/../../../../arm-none-eabi/lib/thumb/v7e-m+dp/hard\libc_nano.a(libc_a-malloc.o)
                              ./Middlewares/ST/STM32_USB_Device_Library/Class/CDC/Src/usbd_cdc.o (malloc)
C:/ST/STM32CubeIDE_2.0.0/STM32CubeIDE/plugins/com.st.stm32cube.ide.mcu.externaltools.gnu-tools-for-stm32.13.3.rel1.win32_1.0.100.202509120712/tools/bin/../lib/gcc/arm-none-eabi/13.3.1/../../../../arm-none-eabi/lib/thumb/v7e-m+dp/hard\libc_nano.a(libc_a-mallocr.o)
                              C:/ST/STM32CubeIDE_2.0.0/STM32CubeIDE/plugins/com.st.stm32cube.ide.mcu.externaltools.gnu-tools-for-stm32.13.3.rel1.win32_1.0.100.202509120712/tools/bin/../lib/gcc/arm-none-eabi/13.3.1/../../../../arm-none-eabi/lib/thumb/v7e-m+dp/hard\libc_nano.a(libc_a-malloc.o) (_malloc_r)
C:/ST/STM32CubeIDE_2.0.0/STM32CubeIDE/plugins/com.st.stm32cube.ide.mcu.externaltools.gnu-tools-for-stm32.13.3.rel1.win32_1.0.100.202509120712/tools/bin/../lib/gcc/arm-none-eabi/13.3.1/../../../../arm-none-eabi/lib/thumb/v7e-m+dp/hard\libc_nano.a(libc_a-mlock.o)
                              C:/ST/STM32CubeIDE_2.0.0/STM32CubeIDE/plugins/com.st.stm32cube.ide.mcu.externaltools.gnu-tools-for-stm32.13.3.rel1.win32_1.0.100.202509120712/tools/bin/../lib/gcc/arm-none-eabi/13.3.1/../../../../arm-none-eabi/lib/thumb/v7e-m+dp/hard\libc_nano.a(libc_a-mallocr.o) (__malloc_lock)
C:/ST/STM32CubeIDE_2.0.0/STM32CubeIDE/plugins/com.st.stm32cube.ide.mcu.externaltools.gnu-tools-for-stm32.13.3.rel1.win32_1.0.100.202509120712/tools/bin/../lib/gcc/arm-none-eabi/13.3.1/../../../../arm-none-eabi/lib/thumb/v7e-m+dp/hard\libc_nano.a(libc_a-findfp.o)
                              C:/ST/STM32CubeIDE_2.0.0/STM32CubeIDE/plugins/com.st.stm32cube.ide.mcu.externaltools.gnu-tools-for-stm32.13.3.rel1.win32_1.0.100.202509120712/tools/bin/../lib/gcc/arm-none-eabi/13.3.1/../../../../arm-none-eabi/lib/thumb/v7e-m+dp/hard\libc_nano.a(libc_a-exit.o) (__stdio_exit_handler)
C:/ST/STM32CubeIDE_2.0.0/STM32CubeIDE/plugins/com.st.stm32cube.ide.mcu.externaltools.gnu-tools-for-stm32.13.3.rel1.win32_1.0.100.202509120712/tools/bin/../lib/gcc/arm-none-eabi/13.3.1/../../../../arm-none-eabi/lib/thumb/v7e-m+dp/hard\libc_nano.a(libc_a-fwalk.o)
                              C:/ST/STM32CubeIDE_2.0.0/STM32CubeIDE/plugins/com.st.stm32cube.ide.mcu.externaltools.gnu-tools-for-stm32.13.3.rel1.win32_1.0.100.202509120712/tools/bin/../lib/gcc/arm-none-eabi/13.3.1/../../../../arm-none-eabi/lib/thumb/v7e-m+dp/hard\libc_nano.a(libc_a-findfp.o) (_fwalk_sglue)
C:/ST/STM32CubeIDE_2.0.0/STM32CubeIDE/plugins/com.st.stm32cube.ide.mcu.externaltools.gnu-tools-for-stm32.13.3.rel1.win32_1.0.100.202509120712/tools/bin/../lib/gcc/arm-none-eabi/13.3.1/../../../../arm-none-eabi/lib/thumb/v7e-m+dp/hard\libc_nano.a(libc_a-stdio.o)
                              C:/ST/STM32CubeIDE_2.0.0/STM32CubeIDE/plugins/com.st.stm32cube.ide.mcu.externaltools.gnu-tools-for-stm32.13.3.rel1.win32_1.0.100.202509120712/tools/bin/../lib/gcc/arm-none-eabi/13.3.1/../../../../arm-none-eabi/lib/thumb/v7e-m+dp/hard\libc_nano.a(libc_a-findfp.o) (__sread)
C:/ST/STM32CubeIDE_2.0.0/STM32CubeIDE/plugins/com.st.stm32cube.ide.mcu.externaltools.gnu-tools-for-stm32.13.3.rel1.win32_1.0.100.202509120712/tools/bin/../lib/gcc/arm-none-eabi/13.3.1/../../../../arm-none-eabi/lib/thumb/v7e-m+dp/hard\libc_nano.a(libc_a-memset.o)
                              C:/ST/STM32CubeIDE_2.0.0/STM32CubeIDE/plugins/com.st.stm32cube.ide.mcu.externaltools.gnu-tools-for-stm32.13.3.rel1.win32_1.0.100.202509120712/tools/bin/../lib/gcc/arm-none-eabi/13.3.1/../../../../arm-none-eabi/lib/thumb/v7e-m+dp/hard/crt0.o (memset)
C:/ST/STM32CubeIDE_2.0.0/STM32CubeIDE/plugins/com.st.stm32cube.ide.mcu.externaltools.gnu-tools-for-stm32.13.3.rel1.win32_1.0.100.202509120712/tools/bin/../lib/gcc/arm-none-eabi/13.3.1/../../../../arm-none-eabi/lib/thumb/v7e-m+dp/hard\libc_nano.a(libc_a-closer.o)
                              C:/ST/STM32CubeIDE_2.0.0/STM32CubeIDE/plugins/com.st.stm32cube.ide.mcu.externaltools.gnu-tools-for-stm32.13.3.rel1.win32_1.0.100.202509120712/tools/bin/../lib/gcc/arm-none-eabi/13.3.1/../../../../arm-none-eabi/lib/thumb/v7e-m+dp/hard\libc_nano.a(libc_a-stdio.o) (_close_r)
[...]
Memory Configuration

Name             Origin             Length             Attributes
RAM              0x20000000         0x00080000         xrw
FLASH            0x08000000         0x00200000         xr
*default*        0x00000000         0xffffffff

Linker script and memory map

LOAD C:/ST/STM32CubeIDE_2.0.0/STM32CubeIDE/plugins/com.st.stm32cube.ide.mcu.externaltools.gnu-tools-for-stm32.13.3.rel1.win32_1.0.100.202509120712/tools/bin/../lib/gcc/arm-none-eabi/13.3.1/thumb/v7e-m+dp/hard/crti.o
LOAD C:/ST/STM32CubeIDE_2.0.0/STM32CubeIDE/plugins/com.st.stm32cube.ide.mcu.externaltools.gnu-tools-for-stm32.13.3.rel1.win32_1.0.100.202509120712/tools/bin/../lib/gcc/arm-none-eabi/13.3.1/thumb/v7e-m+dp/hard/crtbegin.o
LOAD C:/ST/STM32CubeIDE_2.0.0/STM32CubeIDE/plugins/com.st.stm32cube.ide.mcu.externaltools.gnu-tools-for-stm32.13.3.rel1.win32_1.0.100.202509120712/tools/bin/../lib/gcc/arm-none-eabi/13.3.1/../../../../arm-none-eabi/lib/thumb/v7e-m+dp/hard/crt0.o
LOAD ./Core/Src/main.o
LOAD ./Core/Src/stm32f7xx_hal_msp.o
LOAD ./Core/Src/stm32f7xx_it.o
LOAD ./Core/Src/syscalls.o
LOAD ./Core/Src/sysmem.o
LOAD ./Core/Src/system_stm32f7xx.o
LOAD ./Core/Startup/startup_stm32f767zitx.o
LOAD ./Drivers/STM32F7xx_HAL_Driver/Src/stm32f7xx_hal.o
LOAD ./Drivers/STM32F7xx_HAL_Driver/Src/stm32f7xx_hal_adc.o
LOAD ./Drivers/STM32F7xx_HAL_Driver/Src/stm32f7xx_hal_adc_ex.o
LOAD ./Drivers/STM32F7xx_HAL_Driver/Src/stm32f7xx_hal_can.o
LOAD ./Drivers/STM32F7xx_HAL_Driver/Src/stm32f7xx_hal_cortex.o
LOAD ./Drivers/STM32F7xx_HAL_Driver/Src/stm32f7xx_hal_dma.o
LOAD ./Drivers/STM32F7xx_HAL_Driver/Src/stm32f7xx_hal_dma_ex.o
LOAD ./Drivers/STM32F7xx_HAL_Driver/Src/stm32f7xx_hal_exti.o
LOAD ./Drivers/STM32F7xx_HAL_Driver/Src/stm32f7xx_hal_flash.o
LOAD ./Drivers/STM32F7xx_HAL_Driver/Src/stm32f7xx_hal_flash_ex.o
LOAD ./Drivers/STM32F7xx_HAL_Driver/Src/stm32f7xx_hal_gpio.o
LOAD ./Drivers/STM32F7xx_HAL_Driver/Src/stm32f7xx_hal_i2c.o
LOAD ./Drivers/STM32F7xx_HAL_Driver/Src/stm32f7xx_hal_i2c_ex.o
LOAD ./Drivers/STM32F7xx_HAL_Driver/Src/stm32f7xx_hal_pcd.o
LOAD ./Drivers/STM32F7xx_HAL_Driver/Src/stm32f7xx_hal_pcd_ex.o
LOAD ./Drivers/STM32F7xx_HAL_Driver/Src/stm32f7xx_hal_pwr.o
LOAD ./Drivers/STM32F7xx_HAL_Driver/Src/stm32f7xx_hal_pwr_ex.o
LOAD ./Drivers/STM32F7xx_HAL_Driver/Src/stm32f7xx_hal_qspi.o
LOAD ./Drivers/STM32F7xx_HAL_Driver/Src/stm32f7xx_hal_rcc.o
LOAD ./Drivers/STM32F7xx_HAL_Driver/Src/stm32f7xx_hal_rcc_ex.o
LOAD ./Drivers/STM32F7xx_HAL_Driver/Src/stm32f7xx_hal_spi.o
LOAD ./Drivers/STM32F7xx_HAL_Driver/Src/stm32f7xx_hal_spi_ex.o
LOAD ./Drivers/STM32F7xx_HAL_Driver/Src/stm32f7xx_hal_tim.o
LOAD ./Drivers/STM32F7xx_HAL_Driver/Src/stm32f7xx_hal_tim_ex.o
LOAD ./Drivers/STM32F7xx_HAL_Driver/Src/stm32f7xx_hal_uart.o
LOAD ./Drivers/STM32F7xx_HAL_Driver/Src/stm32f7xx_hal_uart_ex.o
LOAD ./Drivers/STM32F7xx_HAL_Driver/Src/stm32f7xx_ll_usb.o
LOAD ./Middlewares/ST/STM32_USB_Device_Library/Class/CDC/Src/usbd_cdc.o
LOAD ./Middlewares/ST/STM32_USB_Device_Library/Core/Src/usbd_core.o
LOAD ./Middlewares/ST/STM32_USB_Device_Library/Core/Src/usbd_ctlreq.o
LOAD ./Middlewares/ST/STM32_USB_Device_Library/Core/Src/usbd_ioreq.o
LOAD ./USB_DEVICE/App/usb_device.o
LOAD ./USB_DEVICE/App/usbd_cdc_if.o
LOAD ./USB_DEVICE/App/usbd_desc.o
LOAD ./USB_DEVICE/Target/usbd_conf.o
START GROUP
LOAD C:/ST/STM32CubeIDE_2.0.0/STM32CubeIDE/plugins/com.st.stm32cube.ide.mcu.externaltools.gnu-tools-for-stm32.13.3.rel1.win32_1.0.100.202509120712/tools/bin/../lib/gcc/arm-none-eabi/13.3.1/../../../../arm-none-eabi/lib/thumb/v7e-m+dp/hard\libc_nano.a
LOAD C:/ST/STM32CubeIDE_2.0.0/STM32CubeIDE/plugins/com.st.stm32cube.ide.mcu.externaltools.gnu-tools-for-stm32.13.3.rel1.win32_1.0.100.202509120712/tools/bin/../lib/gcc/arm-none-eabi/13.3.1/../../../../arm-none-eabi/lib/thumb/v7e-m+dp/hard\libm.a
END GROUP
START GROUP
LOAD C:/ST/STM32CubeIDE_2.0.0/STM32CubeIDE/plugins/com.st.stm32cube.ide.mcu.externaltools.gnu-tools-for-stm32.13.3.rel1.win32_1.0.100.202509120712/tools/bin/../lib/gcc/arm-none-eabi/13.3.1/thumb/v7e-m+dp/hard\libgcc.a
LOAD C:/ST/STM32CubeIDE_2.0.0/STM32CubeIDE/plugins/com.st.stm32cube.ide.mcu.externaltools.gnu-tools-for-stm32.13.3.rel1.win32_1.0.100.202509120712/tools/bin/../lib/gcc/arm-none-eabi/13.3.1/../../../../arm-none-eabi/lib/thumb/v7e-m+dp/hard\libc_nano.a
END GROUP
START GROUP
LOAD C:/ST/STM32CubeIDE_2.0.0/STM32CubeIDE/plugins/com.st.stm32cube.ide.mcu.externaltools.gnu-tools-for-stm32.13.3.rel1.win32_1.0.100.202509120712/tools/bin/../lib/gcc/arm-none-eabi/13.3.1/thumb/v7e-m+dp/hard\libgcc.a
LOAD C:/ST/STM32CubeIDE_2.0.0/STM32CubeIDE/plugins/com.st.stm32cube.ide.mcu.externaltools.gnu-tools-for-stm32.13.3.rel1.win32_1.0.100.202509120712/tools/bin/../lib/gcc/arm-none-eabi/13.3.1/../../../../arm-none-eabi/lib/thumb/v7e-m+dp/hard\libc_nano.a
LOAD C:/ST/STM32CubeIDE_2.0.0/STM32CubeIDE/plugins/com.st.stm32cube.ide.mcu.externaltools.gnu-tools-for-stm32.13.3.rel1.win32_1.0.100.202509120712/tools/bin/../lib/gcc/arm-none-eabi/13.3.1/../../../../arm-none-eabi/lib/thumb/v7e-m+dp/hard\libnosys.a
END GROUP
START GROUP
LOAD C:/ST/STM32CubeIDE_2.0.0/STM32CubeIDE/plugins/com.st.stm32cube.ide.mcu.externaltools.gnu-tools-for-stm32.13.3.rel1.win32_1.0.100.202509120712/tools/bin/../lib/gcc/arm-none-eabi/13.3.1/thumb/v7e-m+dp/hard\libgcc.a
LOAD C:/ST/STM32CubeIDE_2.0.0/STM32CubeIDE/plugins/com.st.stm32cube.ide.mcu.externaltools.gnu-tools-for-stm32.13.3.rel1.win32_1.0.100.202509120712/tools/bin/../lib/gcc/arm-none-eabi/13.3.1/../../../../arm-none-eabi/lib/thumb/v7e-m+dp/hard\libc_nano.a
LOAD C:/ST/STM32CubeIDE_2.0.0/STM32CubeIDE/plugins/com.st.stm32cube.ide.mcu.externaltools.gnu-tools-for-stm32.13.3.rel1.win32_1.0.100.202509120712/tools/bin/../lib/gcc/arm-none-eabi/13.3.1/../../../../arm-none-eabi/lib/thumb/v7e-m+dp/hard\libnosys.a
END GROUP
LOAD C:/ST/STM32CubeIDE_2.0.0/STM32CubeIDE/plugins/com.st.stm32cube.ide.mcu.externaltools.gnu-tools-for-stm32.13.3.rel1.win32_1.0.100.202509120712/tools/bin/../lib/gcc/arm-none-eabi/13.3.1/thumb/v7e-m+dp/hard/crtend.o
LOAD C:/ST/STM32CubeIDE_2.0.0/STM32CubeIDE/plugins/com.st.stm32cube.ide.mcu.externaltools.gnu-tools-for-stm32.13.3.rel1.win32_1.0.100.202509120712/tools/bin/../lib/gcc/arm-none-eabi/13.3.1/thumb/v7e-m+dp/hard/crtn.o
                0x20080000                        _estack = (ORIGIN (RAM) + LENGTH (RAM))
                0x00000200                        _Min_Heap_Size = 0x200
                0x00000400                        _Min_Stack_Size = 0x400

.isr_vector     0x08000000      0x1f8
                0x08000000                        . = ALIGN (0x4)
 *(.isr_vector)
 .isr_vector    0x08000000      0x1f8 ./Core/Startup/startup_stm32f767zitx.o
                0x08000000                g_pfnVectors
                0x080001f8                        . = ALIGN (0x4)

.text           0x080001f8     0xd480
                0x080001f8                        . = ALIGN (0x4)
 *(.text)
 .text          0x080001f8       0x40 C:/ST/STM32CubeIDE_2.0.0/STM32CubeIDE/plugins/com.st.stm32cube.ide.mcu.externaltools.gnu-tools-for-stm32.13.3.rel1.win32_1.0.100.202509120712/tools/bin/../lib/gcc/arm-none-eabi/13.3.1/thumb/v7e-m+dp/hard/crtbegin.o
 .text          0x08000238       0x30 C:/ST/STM32CubeIDE_2.0.0/STM32CubeIDE/plugins/com.st.stm32cube.ide.mcu.externaltools.gnu-tools-for-stm32.13.3.rel1.win32_1.0.100.202509120712/tools/bin/../lib/gcc/arm-none-eabi/13.3.1/thumb/v7e-m+dp/hard\libgcc.a(_aeabi_uldivmod.o)
                0x08000238                __aeabi_uldivmod
 .text          0x08000268      0x2f8 C:/ST/STM32CubeIDE_2.0.0/STM32CubeIDE/plugins/com.st.stm32cube.ide.mcu.externaltools.gnu-tools-for-stm32.13.3.rel1.win32_1.0.100.202509120712/tools/bin/../lib/gcc/arm-none-eabi/13.3.1/thumb/v7e-m+dp/hard\libgcc.a(_udivmoddi4.o)
                0x08000268                __udivmoddi4
 .text          0x08000560        0x4 C:/ST/STM32CubeIDE_2.0.0/STM32CubeIDE/plugins/com.st.stm32cube.ide.mcu.externaltools.gnu-tools-for-stm32.13.3.rel1.win32_1.0.100.202509120712/tools/bin/../lib/gcc/arm-none-eabi/13.3.1/thumb/v7e-m+dp/hard\libgcc.a(_dvmd_tls.o)
                0x08000560                __aeabi_idiv0
                0x08000560                __aeabi_ldiv0
 *(.text*)
 .text.main     0x08000564       0x8c ./Core/Src/main.o
                0x08000564                main
 .text.SystemClock_Config
                0x080005f0       0xe4 ./Core/Src/main.o
                0x080005f0                SystemClock_Config
 .text.MX_ADC1_Init
                0x080006d4       0xa4 ./Core/Src/main.o
 .text.MX_ADC2_Init
                0x08000778       0xa4 ./Core/Src/main.o
 .text.MX_ADC3_Init
                0x0800081c       0xa4 ./Core/Src/main.o
 .text.MX_CAN1_Init
                0x080008c0       0x6c ./Core/Src/main.o
 .text.MX_CAN2_Init
                0x0800092c       0x6c ./Core/Src/main.o
 .text.MX_CAN3_Init
                0x08000998       0x6c ./Core/Src/main.o
 .text.MX_I2C1_Init
                0x08000a04       0x80 ./Core/Src/main.o
 .text.MX_I2C2_Init
                0x08000a84       0x80 ./Core/Src/main.o
 .text.MX_I2C3_Init
                0x08000b04       0x84 ./Core/Src/main.o
 .text.MX_QUADSPI_Init
                0x08000b88       0x58 ./Core/Src/main.o
 .text.MX_SPI1_Init
                0x08000be0       0x7c ./Core/Src/main.o
 .text.MX_SPI2_Init
                0x08000c5c       0x7c ./Core/Src/main.o
 .text.MX_SPI3_Init
                0x08000cd8       0x7c ./Core/Src/main.o
 .text.MX_SPI4_Init
                0x08000d54       0x7c ./Core/Src/main.o
 .text.MX_SPI5_Init
                0x08000dd0       0x7c ./Core/Src/main.o
 .text.MX_SPI6_Init
                0x08000e4c       0x7c ./Core/Src/main.o
 .text.MX_TIM1_Init
                0x08000ec8      0x1a4 ./Core/Src/main.o
 .text.MX_TIM2_Init
                0x0800106c       0xcc ./Core/Src/main.o
 .text.MX_TIM3_Init
                0x08001138       0xf8 ./Core/Src/main.o
 .text.MX_TIM4_Init
                0x08001230       0xf8 ./Core/Src/main.o
 .text.MX_UART4_Init
                0x08001328       0x60 ./Core/Src/main.o
 .text.MX_UART5_Init
                0x08001388       0x60 ./Core/Src/main.o
 .text.MX_UART7_Init
                0x080013e8       0x60 ./Core/Src/main.o
 .text.MX_UART8_Init
                0x08001448       0x60 ./Core/Src/main.o
 .text.MX_USART2_UART_Init
                0x080014a8       0x60 ./Core/Src/main.o
 .text.MX_USART3_UART_Init
                0x08001508       0x60 ./Core/Src/main.o
 .text.MX_USART6_UART_Init
                0x08001568       0x60 ./Core/Src/main.o
 .text.MX_DMA_Init
                0x080015c8       0x5c ./Core/Src/main.o
 .text.MX_GPIO_Init
                0x08001624      0x1ac ./Core/Src/main.o
 .text.MPU_Config
                0x080017d0       0x58 ./Core/Src/main.o
 .text.Error_Handler
                0x08001828        0xc ./Core/Src/main.o
                0x08001828                Error_Handler
 .text.HAL_MspInit
                0x08001834       0x48 ./Core/Src/stm32f7xx_hal_msp.o
                0x08001834                HAL_MspInit
 .text.HAL_ADC_MspInit
                0x0800187c      0x26c ./Core/Src/stm32f7xx_hal_msp.o
                0x0800187c                HAL_ADC_MspInit
 .text.HAL_CAN_MspInit
                0x08001ae8      0x204 ./Core/Src/stm32f7xx_hal_msp.o
                0x08001ae8                HAL_CAN_MspInit
 .text.HAL_I2C_MspInit
                0x08001cec      0x224 ./Core/Src/stm32f7xx_hal_msp.o
                0x08001cec                HAL_I2C_MspInit
 .text.HAL_QSPI_MspInit
                0x08001f10      0x164 ./Core/Src/stm32f7xx_hal_msp.o
                0x08001f10                HAL_QSPI_MspInit
 .text.HAL_SPI_MspInit
                0x08002074      0x358 ./Core/Src/stm32f7xx_hal_msp.o
                0x08002074                HAL_SPI_MspInit
 .text.HAL_TIM_Base_MspInit
                0x080023cc       0x7c ./Core/Src/stm32f7xx_hal_msp.o
                0x080023cc                HAL_TIM_Base_MspInit
 .text.HAL_TIM_PWM_MspInit
                0x08002448       0x8c ./Core/Src/stm32f7xx_hal_msp.o
                0x08002448                HAL_TIM_PWM_MspInit
 .text.HAL_TIM_MspPostInit
                0x080024d4      0x1c4 ./Core/Src/stm32f7xx_hal_msp.o
                0x080024d4                HAL_TIM_MspPostInit
 .text.HAL_UART_MspInit
                0x08002698      0x508 ./Core/Src/stm32f7xx_hal_msp.o
                0x08002698                HAL_UART_MspInit
 .text.NMI_Handler
                0x08002ba0        0x8 ./Core/Src/stm32f7xx_it.o
                0x08002ba0                NMI_Handler
 .text.HardFault_Handler
                0x08002ba8        0x8 ./Core/Src/stm32f7xx_it.o
                0x08002ba8                HardFault_Handler
 .text.MemManage_Handler
                0x08002bb0        0x8 ./Core/Src/stm32f7xx_it.o
                0x08002bb0                MemManage_Handler
 .text.BusFault_Handler
                0x08002bb8        0x8 ./Core/Src/stm32f7xx_it.o
                0x08002bb8                BusFault_Handler
 .text.UsageFault_Handler
                0x08002bc0        0x8 ./Core/Src/stm32f7xx_it.o
                0x08002bc0                UsageFault_Handler
 .text.SVC_Handler
                0x08002bc8        0xe ./Core/Src/stm32f7xx_it.o
                0x08002bc8                SVC_Handler
 .text.DebugMon_Handler
                0x08002bd6        0xe ./Core/Src/stm32f7xx_it.o
                0x08002bd6                DebugMon_Handler
 .text.PendSV_Handler
                0x08002be4        0xe ./Core/Src/stm32f7xx_it.o
                0x08002be4                PendSV_Handler
 .text.SysTick_Handler
                0x08002bf2        0xc ./Core/Src/stm32f7xx_it.o
                0x08002bf2                SysTick_Handler
 *fill*         0x08002bfe        0x2 
 .text.TIM1_BRK_TIM9_IRQHandler
                0x08002c00       0x14 ./Core/Src/stm32f7xx_it.o
                0x08002c00                TIM1_BRK_TIM9_IRQHandler
 .text.TIM1_UP_TIM10_IRQHandler
                0x08002c14       0x14 ./Core/Src/stm32f7xx_it.o
                0x08002c14                TIM1_UP_TIM10_IRQHandler
 .text.TIM1_TRG_COM_TIM11_IRQHandler
                0x08002c28       0x14 ./Core/Src/stm32f7xx_it.o
                0x08002c28                TIM1_TRG_COM_TIM11_IRQHandler
 .text.TIM1_CC_IRQHandler
                0x08002c3c       0x14 ./Core/Src/stm32f7xx_it.o
                0x08002c3c                TIM1_CC_IRQHandler
 .text.USART2_IRQHandler
                0x08002c50       0x14 ./Core/Src/stm32f7xx_it.o
                0x08002c50                USART2_IRQHandler
 .text.USART3_IRQHandler
                0x08002c64       0x14 ./Core/Src/stm32f7xx_it.o
                0x08002c64                USART3_IRQHandler
 .text.UART4_IRQHandler
                0x08002c78       0x14 ./Core/Src/stm32f7xx_it.o
                0x08002c78                UART4_IRQHandler
 .text.UART5_IRQHandler
                0x08002c8c       0x14 ./Core/Src/stm32f7xx_it.o
                0x08002c8c                UART5_IRQHandler
 .text.DMA2_Stream0_IRQHandler
                0x08002ca0       0x14 ./Core/Src/stm32f7xx_it.o
                0x08002ca0                DMA2_Stream0_IRQHandler
 .text.DMA2_Stream1_IRQHandler
                0x08002cb4       0x14 ./Core/Src/stm32f7xx_it.o
                0x08002cb4                DMA2_Stream1_IRQHandler
 .text.DMA2_Stream2_IRQHandler
                0x08002cc8       0x14 ./Core/Src/stm32f7xx_it.o
                0x08002cc8                DMA2_Stream2_IRQHandler
 .text.OTG_FS_IRQHandler
                0x08002cdc       0x14 ./Core/Src/stm32f7xx_it.o
                0x08002cdc                OTG_FS_IRQHandler
 .text.USART6_IRQHandler
                0x08002cf0       0x14 ./Core/Src/stm32f7xx_it.o
                0x08002cf0                USART6_IRQHandler
 .text.UART7_IRQHandler
                0x08002d04       0x14 ./Core/Src/stm32f7xx_it.o
                0x08002d04                UART7_IRQHandler
 .text.UART8_IRQHandler
                0x08002d18       0x14 ./Core/Src/stm32f7xx_it.o
                0x08002d18                UART8_IRQHandler
 .text._sbrk    0x08002d2c       0x6c ./Core/Src/sysmem.o
                0x08002d2c                _sbrk
 .text.SystemInit
                0x08002d98       0x24 ./Core/Src/system_stm32f7xx.o
                0x08002d98                SystemInit
 .text.Reset_Handler
                0x08002dbc       0x50 ./Core/Startup/startup_stm32f767zitx.o
                0x08002dbc                Reset_Handler
 .text.Default_Handler
                0x08002e0c        0x2 ./Core/Startup/startup_stm32f767zitx.o
                0x08002e0c                RTC_Alarm_IRQHandler
                0x08002e0c                EXTI2_IRQHandler
                0x08002e0c                TIM8_CC_IRQHandler
                0x08002e0c                SPI4_IRQHandler
                0x08002e0c                DMA2_Stream5_IRQHandler
                0x08002e0c                JPEG_IRQHandler
                0x08002e0c                DMA1_Stream5_IRQHandler
                0x08002e0c                CAN3_RX1_IRQHandler
                0x08002e0c                PVD_IRQHandler
                0x08002e0c                TAMP_STAMP_IRQHandler
                0x08002e0c                CAN2_RX1_IRQHandler
                0x08002e0c                EXTI3_IRQHandler
                0x08002e0c                TIM8_TRG_COM_TIM14_IRQHandler
                0x08002e0c                DFSDM1_FLT1_IRQHandler
                0x08002e0c                TIM8_UP_TIM13_IRQHandler
                0x08002e0c                I2C3_ER_IRQHandler
                0x08002e0c                DFSDM1_FLT2_IRQHandler
                0x08002e0c                EXTI0_IRQHandler
                0x08002e0c                I2C2_EV_IRQHandler
                0x08002e0c                DMA1_Stream2_IRQHandler
                0x08002e0c                CAN1_RX0_IRQHandler
                0x08002e0c                FPU_IRQHandler
                0x08002e0c                OTG_HS_WKUP_IRQHandler
                0x08002e0c                CAN3_SCE_IRQHandler
                0x08002e0c                LTDC_ER_IRQHandler
                0x08002e0c                CAN2_SCE_IRQHandler
                0x08002e0c                SPI1_IRQHandler
                0x08002e0c                TIM6_DAC_IRQHandler
                0x08002e0c                DCMI_IRQHandler
                0x08002e0c                CAN2_RX0_IRQHandler
                0x08002e0c                DMA2_Stream3_IRQHandler
                0x08002e0c                SAI2_IRQHandler
                0x08002e0c                DFSDM1_FLT3_IRQHandler
                0x08002e0c                CAN3_RX0_IRQHandler
                0x08002e0c                CAN1_RX1_IRQHandler
                0x08002e0c                TIM4_IRQHandler
                0x08002e0c                QUADSPI_IRQHandler
                0x08002e0c                I2C1_EV_IRQHandler
                0x08002e0c                DMA1_Stream6_IRQHandler
                0x08002e0c                DMA1_Stream1_IRQHandler
                0x08002e0c                TIM3_IRQHandler
                0x08002e0c                RCC_IRQHandler
                0x08002e0c                TIM8_BRK_TIM12_IRQHandler
                0x08002e0c                Default_Handler
                0x08002e0c                CEC_IRQHandler
                0x08002e0c                EXTI15_10_IRQHandler
                0x08002e0c                ADC_IRQHandler
                0x08002e0c                DMA1_Stream7_IRQHandler
                0x08002e0c                SPI5_IRQHandler
                0x08002e0c                TIM7_IRQHandler
                0x08002e0c                SDMMC1_IRQHandler
                0x08002e0c                CAN2_TX_IRQHandler
                0x08002e0c                TIM5_IRQHandler
                0x08002e0c                DMA2_Stream7_IRQHandler
                0x08002e0c                I2C3_EV_IRQHandler
                0x08002e0c                EXTI9_5_IRQHandler
                0x08002e0c                RTC_WKUP_IRQHandler
                0x08002e0c                LTDC_IRQHandler
                0x08002e0c                ETH_WKUP_IRQHandler
                0x08002e0c                SPDIF_RX_IRQHandler
                0x08002e0c                SPI2_IRQHandler
                0x08002e0c                OTG_HS_EP1_IN_IRQHandler
                0x08002e0c                DMA1_Stream0_IRQHandler
                0x08002e0c                CAN1_TX_IRQHandler
                0x08002e0c                EXTI4_IRQHandler
                0x08002e0c                RNG_IRQHandler
                0x08002e0c                ETH_IRQHandler
                0x08002e0c                OTG_HS_EP1_OUT_IRQHandler
                0x08002e0c                WWDG_IRQHandler
                0x08002e0c                SPI6_IRQHandler
                0x08002e0c                MDIOS_IRQHandler
                0x08002e0c                I2C4_EV_IRQHandler
                0x08002e0c                CAN3_TX_IRQHandler
                0x08002e0c                TIM2_IRQHandler
                0x08002e0c                OTG_FS_WKUP_IRQHandler
                0x08002e0c                OTG_HS_IRQHandler
                0x08002e0c                DMA2D_IRQHandler
                0x08002e0c                EXTI1_IRQHandler
                0x08002e0c                SDMMC2_IRQHandler
                0x08002e0c                DFSDM1_FLT0_IRQHandler
                0x08002e0c                I2C2_ER_IRQHandler
                0x08002e0c                CAN1_SCE_IRQHandler
                0x08002e0c                FLASH_IRQHandler
                0x08002e0c                DMA2_Stream4_IRQHandler
                0x08002e0c                USART1_IRQHandler
                0x08002e0c                SPI3_IRQHandler
                0x08002e0c                DMA1_Stream4_IRQHandler
                0x08002e0c                I2C1_ER_IRQHandler
                0x08002e0c                FMC_IRQHandler
                0x08002e0c                LPTIM1_IRQHandler
                0x08002e0c                I2C4_ER_IRQHandler
                0x08002e0c                DMA2_Stream6_IRQHandler
                0x08002e0c                SAI1_IRQHandler
                0x08002e0c                DMA1_Stream3_IRQHandler
 .text.HAL_Init
                0x08002e0e       0x1a ./Drivers/STM32F7xx_HAL_Driver/Src/stm32f7xx_hal.o
                0x08002e0e                HAL_Init
 .text.HAL_InitTick
                0x08002e28       0x60 ./Drivers/STM32F7xx_HAL_Driver/Src/stm32f7xx_hal.o
                0x08002e28                HAL_InitTick
 .text.HAL_IncTick
                0x08002e88       0x28 ./Drivers/STM32F7xx_HAL_Driver/Src/stm32f7xx_hal.o
                0x08002e88                HAL_IncTick
 .text.HAL_GetTick
                0x08002eb0       0x18 ./Drivers/STM32F7xx_HAL_Driver/Src/stm32f7xx_hal.o
                0x08002eb0                HAL_GetTick
 .text.HAL_Delay
                0x08002ec8       0x48 ./Drivers/STM32F7xx_HAL_Driver/Src/stm32f7xx_hal.o
                0x08002ec8                HAL_Delay
 .text.HAL_ADC_Init
                0x08002f10       0x88 ./Drivers/STM32F7xx_HAL_Driver/Src/stm32f7xx_hal_adc.o
                0x08002f10                HAL_ADC_Init
 .text.HAL_ADC_ConfigChannel
                0x08002f98      0x2b4 ./Drivers/STM32F7xx_HAL_Driver/Src/stm32f7xx_hal_adc.o
                0x08002f98                HAL_ADC_ConfigChannel
 .text.ADC_Init
                0x0800324c      0x1f4 ./Drivers/STM32F7xx_HAL_Driver/Src/stm32f7xx_hal_adc.o
 .text.HAL_CAN_Init
                0x08003440      0x1f6 ./Drivers/STM32F7xx_HAL_Driver/Src/stm32f7xx_hal_can.o
                0x08003440                HAL_CAN_Init
 *fill*         0x08003636        0x2 
 .text.__NVIC_SetPriorityGrouping
                0x08003638       0x48 ./Drivers/STM32F7xx_HAL_Driver/Src/stm32f7xx_hal_cortex.o
 .text.__NVIC_GetPriorityGrouping
                0x08003680       0x1c ./Drivers/STM32F7xx_HAL_Driver/Src/stm32f7xx_hal_cortex.o
 .text.__NVIC_EnableIRQ
                0x0800369c       0x3c ./Drivers/STM32F7xx_HAL_Driver/Src/stm32f7xx_hal_cortex.o
 .text.__NVIC_SetPriority
                0x080036d8       0x54 ./Drivers/STM32F7xx_HAL_Driver/Src/stm32f7xx_hal_cortex.o
 .text.NVIC_EncodePriority
                0x0800372c       0x66 ./Drivers/STM32F7xx_HAL_Driver/Src/stm32f7xx_hal_cortex.o
 *fill*         0x08003792        0x2 
 .text.SysTick_Config
                0x08003794       0x44 ./Drivers/STM32F7xx_HAL_Driver/Src/stm32f7xx_hal_cortex.o
 .text.HAL_NVIC_SetPriorityGrouping
                0x080037d8       0x16 ./Drivers/STM32F7xx_HAL_Driver/Src/stm32f7xx_hal_cortex.o
                0x080037d8                HAL_NVIC_SetPriorityGrouping
 .text.HAL_NVIC_SetPriority
                0x080037ee       0x38 ./Drivers/STM32F7xx_HAL_Driver/Src/stm32f7xx_hal_cortex.o
                0x080037ee                HAL_NVIC_SetPriority
 .text.HAL_NVIC_EnableIRQ
                0x08003826       0x1c ./Drivers/STM32F7xx_HAL_Driver/Src/stm32f7xx_hal_cortex.o
                0x08003826                HAL_NVIC_EnableIRQ
 .text.HAL_SYSTICK_Config
                0x08003842       0x18 ./Drivers/STM32F7xx_HAL_Driver/Src/stm32f7xx_hal_cortex.o
                0x08003842                HAL_SYSTICK_Config
 *fill*         0x0800385a        0x2 
 .text.HAL_MPU_Disable
                0x0800385c       0x30 ./Drivers/STM32F7xx_HAL_Driver/Src/stm32f7xx_hal_cortex.o
                0x0800385c                HAL_MPU_Disable
 .text.HAL_MPU_Enable
                0x0800388c       0x40 ./Drivers/STM32F7xx_HAL_Driver/Src/stm32f7xx_hal_cortex.o
                0x0800388c                HAL_MPU_Enable
 .text.HAL_MPU_ConfigRegion
                0x080038cc       0x80 ./Drivers/STM32F7xx_HAL_Driver/Src/stm32f7xx_hal_cortex.o
                0x080038cc                HAL_MPU_ConfigRegion
 .text.HAL_DMA_Init
                0x0800394c      0x15c ./Drivers/STM32F7xx_HAL_Driver/Src/stm32f7xx_hal_dma.o
                0x0800394c                HAL_DMA_Init
 .text.HAL_DMA_Abort
                0x08003aa8       0xe0 ./Drivers/STM32F7xx_HAL_Driver/Src/stm32f7xx_hal_dma.o
                0x08003aa8                HAL_DMA_Abort
 .text.HAL_DMA_Abort_IT
                0x08003b88       0x44 ./Drivers/STM32F7xx_HAL_Driver/Src/stm32f7xx_hal_dma.o
                0x08003b88                HAL_DMA_Abort_IT
 .text.HAL_DMA_IRQHandler
                0x08003bcc      0x314 ./Drivers/STM32F7xx_HAL_Driver/Src/stm32f7xx_hal_dma.o
                0x08003bcc                HAL_DMA_IRQHandler
 .text.DMA_CalcBaseAndBitshift
                0x08003ee0       0x6c ./Drivers/STM32F7xx_HAL_Driver/Src/stm32f7xx_hal_dma.o
 .text.DMA_CheckFifoParam
                0x08003f4c       0xf8 ./Drivers/STM32F7xx_HAL_Driver/Src/stm32f7xx_hal_dma.o
 .text.HAL_GPIO_Init
                0x08004044      0x358 ./Drivers/STM32F7xx_HAL_Driver/Src/stm32f7xx_hal_gpio.o
                0x08004044                HAL_GPIO_Init
 .text.HAL_GPIO_WritePin
                0x0800439c       0x32 ./Drivers/STM32F7xx_HAL_Driver/Src/stm32f7xx_hal_gpio.o
                0x0800439c                HAL_GPIO_WritePin
 *fill*         0x080043ce        0x2 
 .text.HAL_I2C_Init
                0x080043d0      0x138 ./Drivers/STM32F7xx_HAL_Driver/Src/stm32f7xx_hal_i2c.o
                0x080043d0                HAL_I2C_Init
 .text.HAL_I2CEx_ConfigAnalogFilter
                0x08004508       0x96 ./Drivers/STM32F7xx_HAL_Driver/Src/stm32f7xx_hal_i2c_ex.o
                0x08004508                HAL_I2CEx_ConfigAnalogFilter
 .text.HAL_I2CEx_ConfigDigitalFilter
                0x0800459e       0x98 ./Drivers/STM32F7xx_HAL_Driver/Src/stm32f7xx_hal_i2c_ex.o
                0x0800459e                HAL_I2CEx_ConfigDigitalFilter
 *fill*         0x08004636        0x2 
 .text.HAL_I2CEx_EnableFastModePlus
                0x08004638       0x40 ./Drivers/STM32F7xx_HAL_Driver/Src/stm32f7xx_hal_i2c_ex.o
                0x08004638                HAL_I2CEx_EnableFastModePlus
 .text.HAL_PCD_Init
                0x08004678      0x22c ./Drivers/STM32F7xx_HAL_Driver/Src/stm32f7xx_hal_pcd.o
                0x08004678                HAL_PCD_Init
 .text.HAL_PCD_Start
                0x080048a4       0x44 ./Drivers/STM32F7xx_HAL_Driver/Src/stm32f7xx_hal_pcd.o
                0x080048a4                HAL_PCD_Start
 .text.HAL_PCD_IRQHandler
                0x080048e8      0x99c ./Drivers/STM32F7xx_HAL_Driver/Src/stm32f7xx_hal_pcd.o
                0x080048e8                HAL_PCD_IRQHandler
 .text.HAL_PCD_SetAddress
                0x08005284       0x48 ./Drivers/STM32F7xx_HAL_Driver/Src/stm32f7xx_hal_pcd.o
                0x08005284                HAL_PCD_SetAddress
 .text.HAL_PCD_EP_Open
                0x080052cc       0xd4 ./Drivers/STM32F7xx_HAL_Driver/Src/stm32f7xx_hal_pcd.o
                0x080052cc                HAL_PCD_EP_Open
 .text.HAL_PCD_EP_Close
                0x080053a0       0x94 ./Drivers/STM32F7xx_HAL_Driver/Src/stm32f7xx_hal_pcd.o
                0x080053a0                HAL_PCD_EP_Close
 .text.HAL_PCD_EP_Receive
                0x08005434       0x76 ./Drivers/STM32F7xx_HAL_Driver/Src/stm32f7xx_hal_pcd.o
                0x08005434                HAL_PCD_EP_Receive
 .text.HAL_PCD_EP_GetRxCount
                0x080054aa       0x30 ./Drivers/STM32F7xx_HAL_Driver/Src/stm32f7xx_hal_pcd.o
                0x080054aa                HAL_PCD_EP_GetRxCount
 .text.HAL_PCD_EP_Transmit
                0x080054da       0x74 ./Drivers/STM32F7xx_HAL_Driver/Src/stm32f7xx_hal_pcd.o
                0x080054da                HAL_PCD_EP_Transmit
 .text.HAL_PCD_EP_SetStall
                0x0800554e       0xc6 ./Drivers/STM32F7xx_HAL_Driver/Src/stm32f7xx_hal_pcd.o
                0x0800554e                HAL_PCD_EP_SetStall
 .text.HAL_PCD_EP_ClrStall
                0x08005614       0xac ./Drivers/STM32F7xx_HAL_Driver/Src/stm32f7xx_hal_pcd.o
                0x08005614                HAL_PCD_EP_ClrStall
 .text.HAL_PCD_EP_Abort
                0x080056c0       0x62 ./Drivers/STM32F7xx_HAL_Driver/Src/stm32f7xx_hal_pcd.o
                0x080056c0                HAL_PCD_EP_Abort
 .text.PCD_WriteEmptyTxFifo
                0x08005722      0x118 ./Drivers/STM32F7xx_HAL_Driver/Src/stm32f7xx_hal_pcd.o
 *fill*         0x0800583a        0x2 
 .text.PCD_EP_OutXfrComplete_int
                0x0800583c      0x1d0 ./Drivers/STM32F7xx_HAL_Driver/Src/stm32f7xx_hal_pcd.o
 .text.PCD_EP_OutSetupPacket_int
                0x08005a0c       0x8c ./Drivers/STM32F7xx_HAL_Driver/Src/stm32f7xx_hal_pcd.o
 .text.HAL_PCDEx_SetTxFiFo
                0x08005a98       0x8e ./Drivers/STM32F7xx_HAL_Driver/Src/stm32f7xx_hal_pcd_ex.o
                0x08005a98                HAL_PCDEx_SetTxFiFo
 .text.HAL_PCDEx_SetRxFiFo
                0x08005b26       0x22 ./Drivers/STM32F7xx_HAL_Driver/Src/stm32f7xx_hal_pcd_ex.o
                0x08005b26                HAL_PCDEx_SetRxFiFo
 .text.HAL_PCDEx_ActivateLPM
                0x08005b48       0x48 ./Drivers/STM32F7xx_HAL_Driver/Src/stm32f7xx_hal_pcd_ex.o
                0x08005b48                HAL_PCDEx_ActivateLPM
 .text.HAL_PWR_EnableBkUpAccess
                0x08005b90       0x20 ./Drivers/STM32F7xx_HAL_Driver/Src/stm32f7xx_hal_pwr.o
                0x08005b90                HAL_PWR_EnableBkUpAccess
 .text.HAL_PWREx_EnableOverDrive
                0x08005bb0       0xa0 ./Drivers/STM32F7xx_HAL_Driver/Src/stm32f7xx_hal_pwr_ex.o
                0x08005bb0                HAL_PWREx_EnableOverDrive
 .text.HAL_QSPI_Init
                0x08005c50       0xf8 ./Drivers/STM32F7xx_HAL_Driver/Src/stm32f7xx_hal_qspi.o
                0x08005c50                HAL_QSPI_Init
 .text.HAL_QSPI_SetTimeout
                0x08005d48       0x1c ./Drivers/STM32F7xx_HAL_Driver/Src/stm32f7xx_hal_qspi.o
                0x08005d48                HAL_QSPI_SetTimeout
 .text.QSPI_WaitFlagStateUntilTimeout
                0x08005d64       0x6e ./Drivers/STM32F7xx_HAL_Driver/Src/stm32f7xx_hal_qspi.o
 *fill*         0x08005dd2        0x2 
 .text.HAL_RCC_OscConfig
                0x08005dd4      0x55c ./Drivers/STM32F7xx_HAL_Driver/Src/stm32f7xx_hal_rcc.o
                0x08005dd4                HAL_RCC_OscConfig
 .text.HAL_RCC_ClockConfig
                0x08006330      0x1d8 ./Drivers/STM32F7xx_HAL_Driver/Src/stm32f7xx_hal_rcc.o
                0x08006330                HAL_RCC_ClockConfig
 .text.HAL_RCC_GetSysClockFreq
                0x08006508      0x20c ./Drivers/STM32F7xx_HAL_Driver/Src/stm32f7xx_hal_rcc.o
                0x08006508                HAL_RCC_GetSysClockFreq
 .text.HAL_RCC_GetHCLKFreq
                0x08006714       0x18 ./Drivers/STM32F7xx_HAL_Driver/Src/stm32f7xx_hal_rcc.o
                0x08006714                HAL_RCC_GetHCLKFreq
 .text.HAL_RCC_GetPCLK1Freq
                0x0800672c       0x28 ./Drivers/STM32F7xx_HAL_Driver/Src/stm32f7xx_hal_rcc.o
                0x0800672c                HAL_RCC_GetPCLK1Freq
 .text.HAL_RCC_GetPCLK2Freq
                0x08006754       0x28 ./Drivers/STM32F7xx_HAL_Driver/Src/stm32f7xx_hal_rcc.o
                0x08006754                HAL_RCC_GetPCLK2Freq
 .text.HAL_RCCEx_PeriphCLKConfig
                0x0800677c      0x850 ./Drivers/STM32F7xx_HAL_Driver/Src/stm32f7xx_hal_rcc_ex.o
                0x0800677c                HAL_RCCEx_PeriphCLKConfig
 .text.HAL_SPI_Init
                0x08006fcc      0x156 ./Drivers/STM32F7xx_HAL_Driver/Src/stm32f7xx_hal_spi.o
                0x08006fcc                HAL_SPI_Init
 .text.HAL_TIM_Base_Init
                0x08007122       0xae ./Drivers/STM32F7xx_HAL_Driver/Src/stm32f7xx_hal_tim.o
                0x08007122                HAL_TIM_Base_Init
 .text.HAL_TIM_PWM_Init
                0x080071d0       0xae ./Drivers/STM32F7xx_HAL_Driver/Src/stm32f7xx_hal_tim.o
                0x080071d0                HAL_TIM_PWM_Init
 .text.HAL_TIM_IRQHandler
                0x0800727e      0x20e ./Drivers/STM32F7xx_HAL_Driver/Src/stm32f7xx_hal_tim.o
                0x0800727e                HAL_TIM_IRQHandler
 .text.HAL_TIM_PWM_ConfigChannel
                0x0800748c      0x228 ./Drivers/STM32F7xx_HAL_Driver/Src/stm32f7xx_hal_tim.o
                0x0800748c                HAL_TIM_PWM_ConfigChannel
 .text.HAL_TIM_ConfigClockSource
                0x080076b4      0x194 ./Drivers/STM32F7xx_HAL_Driver/Src/stm32f7xx_hal_tim.o
                0x080076b4                HAL_TIM_ConfigClockSource
 .text.HAL_TIM_PeriodElapsedCallback
                0x08007848       0x14 ./Drivers/STM32F7xx_HAL_Driver/Src/stm32f7xx_hal_tim.o
                0x08007848                HAL_TIM_PeriodElapsedCallback
 .text.HAL_TIM_OC_DelayElapsedCallback
                0x0800785c       0x14 ./Drivers/STM32F7xx_HAL_Driver/Src/stm32f7xx_hal_tim.o
                0x0800785c                HAL_TIM_OC_DelayElapsedCallback
 .text.HAL_TIM_IC_CaptureCallback
                0x08007870       0x14 ./Drivers/STM32F7xx_HAL_Driver/Src/stm32f7xx_hal_tim.o
                0x08007870                HAL_TIM_IC_CaptureCallback
 .text.HAL_TIM_PWM_PulseFinishedCallback
                0x08007884       0x14 ./Drivers/STM32F7xx_HAL_Driver/Src/stm32f7xx_hal_tim.o
                0x08007884                HAL_TIM_PWM_PulseFinishedCallback
 .text.HAL_TIM_TriggerCallback
                0x08007898       0x14 ./Drivers/STM32F7xx_HAL_Driver/Src/stm32f7xx_hal_tim.o
                0x08007898                HAL_TIM_TriggerCallback
 .text.TIM_Base_SetConfig
                0x080078ac      0x14c ./Drivers/STM32F7xx_HAL_Driver/Src/stm32f7xx_hal_tim.o
                0x080078ac                TIM_Base_SetConfig
 .text.TIM_OC1_SetConfig
                0x080079f8       0xe4 ./Drivers/STM32F7xx_HAL_Driver/Src/stm32f7xx_hal_tim.o
 .text.TIM_OC2_SetConfig
                0x08007adc       0xf0 ./Drivers/STM32F7xx_HAL_Driver/Src/stm32f7xx_hal_tim.o
                0x08007adc                TIM_OC2_SetConfig
 .text.TIM_OC3_SetConfig
                0x08007bcc       0xec ./Drivers/STM32F7xx_HAL_Driver/Src/stm32f7xx_hal_tim.o
 .text.TIM_OC4_SetConfig
                0x08007cb8       0xb0 ./Drivers/STM32F7xx_HAL_Driver/Src/stm32f7xx_hal_tim.o
 .text.TIM_OC5_SetConfig
                0x08007d68       0xa4 ./Drivers/STM32F7xx_HAL_Driver/Src/stm32f7xx_hal_tim.o
 .text.TIM_OC6_SetConfig
                0x08007e0c       0xa8 ./Drivers/STM32F7xx_HAL_Driver/Src/stm32f7xx_hal_tim.o
 .text.TIM_TI1_ConfigInputStage
                0x08007eb4       0x5e ./Drivers/STM32F7xx_HAL_Driver/Src/stm32f7xx_hal_tim.o
 .text.TIM_TI2_ConfigInputStage
                0x08007f12       0x60 ./Drivers/STM32F7xx_HAL_Driver/Src/stm32f7xx_hal_tim.o
 .text.TIM_ITRx_SetConfig
                0x08007f72       0x36 ./Drivers/STM32F7xx_HAL_Driver/Src/stm32f7xx_hal_tim.o
 .text.TIM_ETR_SetConfig
                0x08007fa8       0x40 ./Drivers/STM32F7xx_HAL_Driver/Src/stm32f7xx_hal_tim.o
                0x08007fa8                TIM_ETR_SetConfig
 .text.HAL_TIMEx_MasterConfigSynchronization
                0x08007fe8      0x11c ./Drivers/STM32F7xx_HAL_Driver/Src/stm32f7xx_hal_tim_ex.o
                0x08007fe8                HAL_TIMEx_MasterConfigSynchronization
 .text.HAL_TIMEx_ConfigBreakDeadTime
                0x08008104       0xfc ./Drivers/STM32F7xx_HAL_Driver/Src/stm32f7xx_hal_tim_ex.o
                0x08008104                HAL_TIMEx_ConfigBreakDeadTime
 .text.HAL_TIMEx_CommutCallback
                0x08008200       0x14 ./Drivers/STM32F7xx_HAL_Driver/Src/stm32f7xx_hal_tim_ex.o
                0x08008200                HAL_TIMEx_CommutCallback
 .text.HAL_TIMEx_BreakCallback
                0x08008214       0x14 ./Drivers/STM32F7xx_HAL_Driver/Src/stm32f7xx_hal_tim_ex.o
                0x08008214                HAL_TIMEx_BreakCallback
 .text.HAL_TIMEx_Break2Callback
                0x08008228       0x14 ./Drivers/STM32F7xx_HAL_Driver/Src/stm32f7xx_hal_tim_ex.o
                0x08008228                HAL_TIMEx_Break2Callback
 .text.HAL_UART_Init
                0x0800823c       0x9c ./Drivers/STM32F7xx_HAL_Driver/Src/stm32f7xx_hal_uart.o
                0x0800823c                HAL_UART_Init
 .text.HAL_UART_IRQHandler
                0x080082d8      0x604 ./Drivers/STM32F7xx_HAL_Driver/Src/stm32f7xx_hal_uart.o
                0x080082d8                HAL_UART_IRQHandler
 .text.HAL_UART_TxCpltCallback
                0x080088dc       0x14 ./Drivers/STM32F7xx_HAL_Driver/Src/stm32f7xx_hal_uart.o
                0x080088dc                HAL_UART_TxCpltCallback
 .text.HAL_UART_ErrorCallback
                0x080088f0       0x14 ./Drivers/STM32F7xx_HAL_Driver/Src/stm32f7xx_hal_uart.o
                0x080088f0                HAL_UART_ErrorCallback
 .text.HAL_UARTEx_RxEventCallback
                0x08008904       0x18 ./Drivers/STM32F7xx_HAL_Driver/Src/stm32f7xx_hal_uart.o
                0x08008904                HAL_UARTEx_RxEventCallback
 .text.HAL_UARTEx_WakeupCallback
                0x0800891c       0x14 ./Drivers/STM32F7xx_HAL_Driver/Src/stm32f7xx_hal_uart.o
                0x0800891c                HAL_UARTEx_WakeupCallback
 .text.UART_SetConfig
                0x08008930      0x4c8 ./Drivers/STM32F7xx_HAL_Driver/Src/stm32f7xx_hal_uart.o
                0x08008930                UART_SetConfig
 .text.UART_AdvFeatureConfig
                0x08008df8      0x144 ./Drivers/STM32F7xx_HAL_Driver/Src/stm32f7xx_hal_uart.o
                0x08008df8                UART_AdvFeatureConfig
 .text.UART_CheckIdleState
                0x08008f3c      0x150 ./Drivers/STM32F7xx_HAL_Driver/Src/stm32f7xx_hal_uart.o
                0x08008f3c                UART_CheckIdleState
 .text.UART_WaitOnFlagUntilTimeout
                0x0800908c       0xda ./Drivers/STM32F7xx_HAL_Driver/Src/stm32f7xx_hal_uart.o
                0x0800908c                UART_WaitOnFlagUntilTimeout
 .text.UART_EndRxTransfer
                0x08009166       0xc8 ./Drivers/STM32F7xx_HAL_Driver/Src/stm32f7xx_hal_uart.o
 .text.UART_DMAAbortOnError
                0x0800922e       0x24 ./Drivers/STM32F7xx_HAL_Driver/Src/stm32f7xx_hal_uart.o
 .text.UART_EndTransmit_IT
                0x08009252       0x54 ./Drivers/STM32F7xx_HAL_Driver/Src/stm32f7xx_hal_uart.o
 *fill*         0x080092a6        0x2 
 .text.USB_CoreInit
                0x080092a8       0xb4 ./Drivers/STM32F7xx_HAL_Driver/Src/stm32f7xx_ll_usb.o
                0x080092a8                USB_CoreInit
 .text.USB_SetTurnaroundTime
                0x0800935c      0x144 ./Drivers/STM32F7xx_HAL_Driver/Src/stm32f7xx_ll_usb.o
                0x0800935c                USB_SetTurnaroundTime
 .text.USB_EnableGlobalInt
                0x080094a0       0x22 ./Drivers/STM32F7xx_HAL_Driver/Src/stm32f7xx_ll_usb.o
                0x080094a0                USB_EnableGlobalInt
 .text.USB_DisableGlobalInt
                0x080094c2       0x22 ./Drivers/STM32F7xx_HAL_Driver/Src/stm32f7xx_ll_usb.o
                0x080094c2                USB_DisableGlobalInt
 .text.USB_SetCurrentMode
                0x080094e4       0x98 ./Drivers/STM32F7xx_HAL_Driver/Src/stm32f7xx_ll_usb.o
                0x080094e4                USB_SetCurrentMode
 .text.USB_DevInit
                0x0800957c      0x2bc ./Drivers/STM32F7xx_HAL_Driver/Src/stm32f7xx_ll_usb.o
                0x0800957c                USB_DevInit
 .text.USB_FlushTxFifo
                0x08009838       0x64 ./Drivers/STM32F7xx_HAL_Driver/Src/stm32f7xx_ll_usb.o
                0x08009838                USB_FlushTxFifo
 .text.USB_FlushRxFifo
                0x0800989c       0x5c ./Drivers/STM32F7xx_HAL_Driver/Src/stm32f7xx_ll_usb.o
                0x0800989c                USB_FlushRxFifo
 .text.USB_SetDevSpeed
                0x080098f8       0x32 ./Drivers/STM32F7xx_HAL_Driver/Src/stm32f7xx_ll_usb.o
                0x080098f8                USB_SetDevSpeed
 .text.USB_GetDevSpeed
                0x0800992a       0x4a ./Drivers/STM32F7xx_HAL_Driver/Src/stm32f7xx_ll_usb.o
                0x0800992a                USB_GetDevSpeed
 .text.USB_ActivateEndpoint
                0x08009974      0x110 ./Drivers/STM32F7xx_HAL_Driver/Src/stm32f7xx_ll_usb.o
                0x08009974                USB_ActivateEndpoint
 .text.USB_DeactivateEndpoint
                0x08009a84      0x1b8 ./Drivers/STM32F7xx_HAL_Driver/Src/stm32f7xx_ll_usb.o
                0x08009a84                USB_DeactivateEndpoint
 .text.USB_EPStartXfer
                0x08009c3c      0x548 ./Drivers/STM32F7xx_HAL_Driver/Src/stm32f7xx_ll_usb.o
                0x08009c3c                USB_EPStartXfer
 .text.USB_EPStopXfer
                0x0800a184      0x154 ./Drivers/STM32F7xx_HAL_Driver/Src/stm32f7xx_ll_usb.o
                0x0800a184                USB_EPStopXfer
 .text.USB_WritePacket
                0x0800a2d8       0x7c ./Drivers/STM32F7xx_HAL_Driver/Src/stm32f7xx_ll_usb.o
                0x0800a2d8                USB_WritePacket
 .text.USB_ReadPacket
                0x0800a354       0xb0 ./Drivers/STM32F7xx_HAL_Driver/Src/stm32f7xx_ll_usb.o
                0x0800a354                USB_ReadPacket
 .text.USB_EPSetStall
                0x0800a404       0xdc ./Drivers/STM32F7xx_HAL_Driver/Src/stm32f7xx_ll_usb.o
                0x0800a404                USB_EPSetStall
 .text.USB_EPClearStall
                0x0800a4e0       0xcc ./Drivers/STM32F7xx_HAL_Driver/Src/stm32f7xx_ll_usb.o
                0x0800a4e0                USB_EPClearStall
 .text.USB_SetDevAddress
                0x0800a5ac       0x4c ./Drivers/STM32F7xx_HAL_Driver/Src/stm32f7xx_ll_usb.o
                0x0800a5ac                USB_SetDevAddress
 .text.USB_DevConnect
                0x0800a5f8       0x42 ./Drivers/STM32F7xx_HAL_Driver/Src/stm32f7xx_ll_usb.o
                0x0800a5f8                USB_DevConnect
 .text.USB_DevDisconnect
                0x0800a63a       0x42 ./Drivers/STM32F7xx_HAL_Driver/Src/stm32f7xx_ll_usb.o
                0x0800a63a                USB_DevDisconnect
 .text.USB_ReadInterrupts
                0x0800a67c       0x26 ./Drivers/STM32F7xx_HAL_Driver/Src/stm32f7xx_ll_usb.o
                0x0800a67c                USB_ReadInterrupts
 .text.USB_ReadDevAllOutEpInterrupt
                0x0800a6a2       0x34 ./Drivers/STM32F7xx_HAL_Driver/Src/stm32f7xx_ll_usb.o
                0x0800a6a2                USB_ReadDevAllOutEpInterrupt
 .text.USB_ReadDevAllInEpInterrupt
                0x0800a6d6       0x34 ./Drivers/STM32F7xx_HAL_Driver/Src/stm32f7xx_ll_usb.o
                0x0800a6d6                USB_ReadDevAllInEpInterrupt
 .text.USB_ReadDevOutEPInterrupt
                0x0800a70a       0x3c ./Drivers/STM32F7xx_HAL_Driver/Src/stm32f7xx_ll_usb.o
                0x0800a70a                USB_ReadDevOutEPInterrupt
 .text.USB_ReadDevInEPInterrupt
                0x0800a746       0x5c ./Drivers/STM32F7xx_HAL_Driver/Src/stm32f7xx_ll_usb.o
                0x0800a746                USB_ReadDevInEPInterrupt
 .text.USB_GetMode
                0x0800a7a2       0x1c ./Drivers/STM32F7xx_HAL_Driver/Src/stm32f7xx_ll_usb.o
                0x0800a7a2                USB_GetMode
 *fill*         0x0800a7be        0x2 
 .text.USB_ActivateSetup
                0x0800a7c0       0x48 ./Drivers/STM32F7xx_HAL_Driver/Src/stm32f7xx_ll_usb.o
                0x0800a7c0                USB_ActivateSetup
 .text.USB_EP0_OutStart
                0x0800a808       0xbc ./Drivers/STM32F7xx_HAL_Driver/Src/stm32f7xx_ll_usb.o
                0x0800a808                USB_EP0_OutStart
 .text.USB_CoreReset
                0x0800a8c4       0x70 ./Drivers/STM32F7xx_HAL_Driver/Src/stm32f7xx_ll_usb.o
 .text.USBD_CDC_Init
                0x0800a934      0x1f0 ./Middlewares/ST/STM32_USB_Device_Library/Class/CDC/Src/usbd_cdc.o
 .text.USBD_CDC_DeInit
                0x0800ab24      0x104 ./Middlewares/ST/STM32_USB_Device_Library/Class/CDC/Src/usbd_cdc.o
 .text.USBD_CDC_Setup
                0x0800ac28      0x1b8 ./Middlewares/ST/STM32_USB_Device_Library/Class/CDC/Src/usbd_cdc.o
 .text.USBD_CDC_DataIn
                0x0800ade0       0xfe ./Middlewares/ST/STM32_USB_Device_Library/Class/CDC/Src/usbd_cdc.o
 .text.USBD_CDC_DataOut
                0x0800aede       0x70 ./Middlewares/ST/STM32_USB_Device_Library/Class/CDC/Src/usbd_cdc.o
 .text.USBD_CDC_EP0_RxReady
                0x0800af4e       0x74 ./Middlewares/ST/STM32_USB_Device_Library/Class/CDC/Src/usbd_cdc.o
 *fill*         0x0800afc2        0x2 
 .text.USBD_CDC_GetFSCfgDesc
                0x0800afc4       0x70 ./Middlewares/ST/STM32_USB_Device_Library/Class/CDC/Src/usbd_cdc.o
 .text.USBD_CDC_GetHSCfgDesc
                0x0800b034       0x70 ./Middlewares/ST/STM32_USB_Device_Library/Class/CDC/Src/usbd_cdc.o
 .text.USBD_CDC_GetOtherSpeedCfgDesc
                0x0800b0a4       0x70 ./Middlewares/ST/STM32_USB_Device_Library/Class/CDC/Src/usbd_cdc.o
 .text.USBD_CDC_GetDeviceQualifierDescriptor
                0x0800b114       0x20 ./Middlewares/ST/STM32_USB_Device_Library/Class/CDC/Src/usbd_cdc.o
                0x0800b114                USBD_CDC_GetDeviceQualifierDescriptor
 .text.USBD_CDC_RegisterInterface
                0x0800b134       0x34 ./Middlewares/ST/STM32_USB_Device_Library/Class/CDC/Src/usbd_cdc.o
                0x0800b134                USBD_CDC_RegisterInterface
 .text.USBD_CDC_SetTxBuffer
                0x0800b168       0x44 ./Middlewares/ST/STM32_USB_Device_Library/Class/CDC/Src/usbd_cdc.o
                0x0800b168                USBD_CDC_SetTxBuffer
 .text.USBD_CDC_SetRxBuffer
                0x0800b1ac       0x3a ./Middlewares/ST/STM32_USB_Device_Library/Class/CDC/Src/usbd_cdc.o
                0x0800b1ac                USBD_CDC_SetRxBuffer
 *fill*         0x0800b1e6        0x2 
 .text.USBD_CDC_ReceivePacket
                0x0800b1e8       0x6c ./Middlewares/ST/STM32_USB_Device_Library/Class/CDC/Src/usbd_cdc.o
                0x0800b1e8                USBD_CDC_ReceivePacket
 .text.USBD_Init
                0x0800b254       0x60 ./Middlewares/ST/STM32_USB_Device_Library/Core/Src/usbd_core.o
                0x0800b254                USBD_Init
 .text.USBD_RegisterClass
                0x0800b2b4       0x6c ./Middlewares/ST/STM32_USB_Device_Library/Core/Src/usbd_core.o
                0x0800b2b4                USBD_RegisterClass
 .text.USBD_Start
                0x0800b320       0x18 ./Middlewares/ST/STM32_USB_Device_Library/Core/Src/usbd_core.o
                0x0800b320                USBD_Start
 .text.USBD_RunTestMode
                0x0800b338       0x16 ./Middlewares/ST/STM32_USB_Device_Library/Core/Src/usbd_core.o
                0x0800b338                USBD_RunTestMode
 .text.USBD_SetClassConfig
                0x0800b34e       0x38 ./Middlewares/ST/STM32_USB_Device_Library/Core/Src/usbd_core.o
                0x0800b34e                USBD_SetClassConfig
 .text.USBD_ClrClassConfig
                0x0800b386       0x34 ./Middlewares/ST/STM32_USB_Device_Library/Core/Src/usbd_core.o
                0x0800b386                USBD_ClrClassConfig
 .text.USBD_LL_SetupStage
                0x0800b3ba       0xaa ./Middlewares/ST/STM32_USB_Device_Library/Core/Src/usbd_core.o
                0x0800b3ba                USBD_LL_SetupStage
 .text.USBD_LL_DataOutStage
                0x0800b464      0x178 ./Middlewares/ST/STM32_USB_Device_Library/Core/Src/usbd_core.o
                0x0800b464                USBD_LL_DataOutStage
 .text.USBD_LL_DataInStage
                0x0800b5dc      0x176 ./Middlewares/ST/STM32_USB_Device_Library/Core/Src/usbd_core.o
                0x0800b5dc                USBD_LL_DataInStage
 .text.USBD_LL_Reset
                0x0800b752       0xa6 ./Middlewares/ST/STM32_USB_Device_Library/Core/Src/usbd_core.o
                0x0800b752                USBD_LL_Reset
 .text.USBD_LL_SetSpeed
                0x0800b7f8       0x20 ./Middlewares/ST/STM32_USB_Device_Library/Core/Src/usbd_core.o
                0x0800b7f8                USBD_LL_SetSpeed
 .text.USBD_LL_Suspend
                0x0800b818       0x38 ./Middlewares/ST/STM32_USB_Device_Library/Core/Src/usbd_core.o
                0x0800b818                USBD_LL_Suspend
 .text.USBD_LL_Resume
                0x0800b850       0x30 ./Middlewares/ST/STM32_USB_Device_Library/Core/Src/usbd_core.o
                0x0800b850                USBD_LL_Resume
 .text.USBD_LL_SOF
                0x0800b880       0x40 ./Middlewares/ST/STM32_USB_Device_Library/Core/Src/usbd_core.o
                0x0800b880                USBD_LL_SOF
 .text.USBD_LL_IsoINIncomplete
                0x0800b8c0       0x64 ./Middlewares/ST/STM32_USB_Device_Library/Core/Src/usbd_core.o
                0x0800b8c0                USBD_LL_IsoINIncomplete
 .text.USBD_LL_IsoOUTIncomplete
                0x0800b924       0x64 ./Middlewares/ST/STM32_USB_Device_Library/Core/Src/usbd_core.o
                0x0800b924                USBD_LL_IsoOUTIncomplete
 .text.USBD_LL_DevConnected
                0x0800b988       0x16 ./Middlewares/ST/STM32_USB_Device_Library/Core/Src/usbd_core.o
                0x0800b988                USBD_LL_DevConnected
 .text.USBD_LL_DevDisconnected
                0x0800b99e       0x46 ./Middlewares/ST/STM32_USB_Device_Library/Core/Src/usbd_core.o
                0x0800b99e                USBD_LL_DevDisconnected
 .text.USBD_CoreFindIF
                0x0800b9e4       0x1a ./Middlewares/ST/STM32_USB_Device_Library/Core/Src/usbd_core.o
                0x0800b9e4                USBD_CoreFindIF
 .text.USBD_CoreFindEP
                0x0800b9fe       0x1a ./Middlewares/ST/STM32_USB_Device_Library/Core/Src/usbd_core.o
                0x0800b9fe                USBD_CoreFindEP
 .text.USBD_GetEpDesc
                0x0800ba18       0x70 ./Middlewares/ST/STM32_USB_Device_Library/Core/Src/usbd_core.o
                0x0800ba18                USBD_GetEpDesc
 .text.USBD_GetNextDesc
                0x0800ba88       0x38 ./Middlewares/ST/STM32_USB_Device_Library/Core/Src/usbd_core.o
                0x0800ba88                USBD_GetNextDesc
 .text.SWAPBYTE
                0x0800bac0       0x3e ./Middlewares/ST/STM32_USB_Device_Library/Core/Src/usbd_ctlreq.o
 *fill*         0x0800bafe        0x2 
 .text.USBD_StdDevReq
                0x0800bb00       0xe4 ./Middlewares/ST/STM32_USB_Device_Library/Core/Src/usbd_ctlreq.o
                0x0800bb00                USBD_StdDevReq
 .text.USBD_StdItfReq
                0x0800bbe4       0xd8 ./Middlewares/ST/STM32_USB_Device_Library/Core/Src/usbd_ctlreq.o
                0x0800bbe4                USBD_StdItfReq
 .text.USBD_StdEPReq
                0x0800bcbc      0x33e ./Middlewares/ST/STM32_USB_Device_Library/Core/Src/usbd_ctlreq.o
                0x0800bcbc                USBD_StdEPReq
 *fill*         0x0800bffa        0x2 
 .text.USBD_GetDescriptor
                0x0800bffc      0x328 ./Middlewares/ST/STM32_USB_Device_Library/Core/Src/usbd_ctlreq.o
 .text.USBD_SetAddress
                0x0800c324       0x88 ./Middlewares/ST/STM32_USB_Device_Library/Core/Src/usbd_ctlreq.o
 .text.USBD_SetConfig
                0x0800c3ac      0x154 ./Middlewares/ST/STM32_USB_Device_Library/Core/Src/usbd_ctlreq.o
 .text.USBD_GetConfig
                0x0800c500       0x6c ./Middlewares/ST/STM32_USB_Device_Library/Core/Src/usbd_ctlreq.o
 .text.USBD_GetStatus
                0x0800c56c       0x68 ./Middlewares/ST/STM32_USB_Device_Library/Core/Src/usbd_ctlreq.o
 .text.USBD_SetFeature
                0x0800c5d4       0x52 ./Middlewares/ST/STM32_USB_Device_Library/Core/Src/usbd_ctlreq.o
 .text.USBD_ClrFeature
                0x0800c626       0x44 ./Middlewares/ST/STM32_USB_Device_Library/Core/Src/usbd_ctlreq.o
 .text.USBD_ParseSetupRequest
                0x0800c66a       0x74 ./Middlewares/ST/STM32_USB_Device_Library/Core/Src/usbd_ctlreq.o
                0x0800c66a                USBD_ParseSetupRequest
 .text.USBD_CtlError
                0x0800c6de       0x22 ./Middlewares/ST/STM32_USB_Device_Library/Core/Src/usbd_ctlreq.o
                0x0800c6de                USBD_CtlError
 .text.USBD_GetString
                0x0800c700       0xa4 ./Middlewares/ST/STM32_USB_Device_Library/Core/Src/usbd_ctlreq.o
                0x0800c700                USBD_GetString
 .text.USBD_GetLen
                0x0800c7a4       0x34 ./Middlewares/ST/STM32_USB_Device_Library/Core/Src/usbd_ctlreq.o
 .text.USBD_CtlSendData
                0x0800c7d8       0x3c ./Middlewares/ST/STM32_USB_Device_Library/Core/Src/usbd_ioreq.o
                0x0800c7d8                USBD_CtlSendData
 .text.USBD_CtlContinueSendData
                0x0800c814       0x22 ./Middlewares/ST/STM32_USB_Device_Library/Core/Src/usbd_ioreq.o
                0x0800c814                USBD_CtlContinueSendData
 .text.USBD_CtlPrepareRx
                0x0800c836       0x42 ./Middlewares/ST/STM32_USB_Device_Library/Core/Src/usbd_ioreq.o
                0x0800c836                USBD_CtlPrepareRx
 .text.USBD_CtlContinueRx
                0x0800c878       0x22 ./Middlewares/ST/STM32_USB_Device_Library/Core/Src/usbd_ioreq.o
                0x0800c878                USBD_CtlContinueRx
 .text.USBD_CtlSendStatus
                0x0800c89a       0x26 ./Middlewares/ST/STM32_USB_Device_Library/Core/Src/usbd_ioreq.o
                0x0800c89a                USBD_CtlSendStatus
 .text.USBD_CtlReceiveStatus
                0x0800c8c0       0x26 ./Middlewares/ST/STM32_USB_Device_Library/Core/Src/usbd_ioreq.o
                0x0800c8c0                USBD_CtlReceiveStatus
 *fill*         0x0800c8e6        0x2 
 .text.MX_USB_DEVICE_Init
                0x0800c8e8       0x60 ./USB_DEVICE/App/usb_device.o
                0x0800c8e8                MX_USB_DEVICE_Init
 .text.CDC_Init_FS
                0x0800c948       0x28 ./USB_DEVICE/App/usbd_cdc_if.o
 .text.CDC_DeInit_FS
                0x0800c970       0x10 ./USB_DEVICE/App/usbd_cdc_if.o
 .text.CDC_Control_FS
                0x0800c980       0xbc ./USB_DEVICE/App/usbd_cdc_if.o
 .text.CDC_Receive_FS
                0x0800ca3c       0x28 ./USB_DEVICE/App/usbd_cdc_if.o
 .text.CDC_TransmitCplt_FS
                0x0800ca64       0x22 ./USB_DEVICE/App/usbd_cdc_if.o
 *fill*         0x0800ca86        0x2 
 .text.USBD_FS_DeviceDescriptor
                0x0800ca88       0x24 ./USB_DEVICE/App/usbd_desc.o
                0x0800ca88                USBD_FS_DeviceDescriptor
 .text.USBD_FS_LangIDStrDescriptor
                0x0800caac       0x24 ./USB_DEVICE/App/usbd_desc.o
                0x0800caac                USBD_FS_LangIDStrDescriptor
 .text.USBD_FS_ProductStrDescriptor
                0x0800cad0       0x3c ./USB_DEVICE/App/usbd_desc.o
                0x0800cad0                USBD_FS_ProductStrDescriptor
 .text.USBD_FS_ManufacturerStrDescriptor
                0x0800cb0c       0x28 ./USB_DEVICE/App/usbd_desc.o
                0x0800cb0c                USBD_FS_ManufacturerStrDescriptor
 .text.USBD_FS_SerialStrDescriptor
                0x0800cb34       0x24 ./USB_DEVICE/App/usbd_desc.o
                0x0800cb34                USBD_FS_SerialStrDescriptor
 .text.USBD_FS_ConfigStrDescriptor
                0x0800cb58       0x3c ./USB_DEVICE/App/usbd_desc.o
                0x0800cb58                USBD_FS_ConfigStrDescriptor
 .text.USBD_FS_InterfaceStrDescriptor
                0x0800cb94       0x3c ./USB_DEVICE/App/usbd_desc.o
                0x0800cb94                USBD_FS_InterfaceStrDescriptor
 .text.USBD_FS_USR_BOSDescriptor
                0x0800cbd0       0x24 ./USB_DEVICE/App/usbd_desc.o
                0x0800cbd0                USBD_FS_USR_BOSDescriptor
 .text.Get_SerialNum
                0x0800cbf4       0x58 ./USB_DEVICE/App/usbd_desc.o
 .text.IntToUnicode
                0x0800cc4c       0x7e ./USB_DEVICE/App/usbd_desc.o
 *fill*         0x0800ccca        0x2 
 .text.HAL_PCD_MspInit
                0x0800cccc      0x104 ./USB_DEVICE/Target/usbd_conf.o
                0x0800cccc                HAL_PCD_MspInit
 .text.HAL_PCD_SetupStageCallback
                0x0800cdd0       0x24 ./USB_DEVICE/Target/usbd_conf.o
                0x0800cdd0                HAL_PCD_SetupStageCallback
 .text.HAL_PCD_DataOutStageCallback
                0x0800cdf4       0x36 ./USB_DEVICE/Target/usbd_conf.o
                0x0800cdf4                HAL_PCD_DataOutStageCallback
 .text.HAL_PCD_DataInStageCallback
                0x0800ce2a       0x34 ./USB_DEVICE/Target/usbd_conf.o
                0x0800ce2a                HAL_PCD_DataInStageCallback
 .text.HAL_PCD_SOFCallback
                0x0800ce5e       0x1c ./USB_DEVICE/Target/usbd_conf.o
                0x0800ce5e                HAL_PCD_SOFCallback
 .text.HAL_PCD_ResetCallback
                0x0800ce7a       0x50 ./USB_DEVICE/Target/usbd_conf.o
                0x0800ce7a                HAL_PCD_ResetCallback
 *fill*         0x0800ceca        0x2 
 .text.HAL_PCD_SuspendCallback
                0x0800cecc       0x4c ./USB_DEVICE/Target/usbd_conf.o
                0x0800cecc                HAL_PCD_SuspendCallback
 .text.HAL_PCD_ResumeCallback
                0x0800cf18       0x1c ./USB_DEVICE/Target/usbd_conf.o
                0x0800cf18                HAL_PCD_ResumeCallback
 .text.HAL_PCD_ISOOUTIncompleteCallback
                0x0800cf34       0x24 ./USB_DEVICE/Target/usbd_conf.o
                0x0800cf34                HAL_PCD_ISOOUTIncompleteCallback
 .text.HAL_PCD_ISOINIncompleteCallback
                0x0800cf58       0x24 ./USB_DEVICE/Target/usbd_conf.o
                0x0800cf58                HAL_PCD_ISOINIncompleteCallback
 .text.HAL_PCD_ConnectCallback
                0x0800cf7c       0x1c ./USB_DEVICE/Target/usbd_conf.o
                0x0800cf7c                HAL_PCD_ConnectCallback
 .text.HAL_PCD_DisconnectCallback
                0x0800cf98       0x1c ./USB_DEVICE/Target/usbd_conf.o
                0x0800cf98                HAL_PCD_DisconnectCallback
 .text.USBD_LL_Init
                0x0800cfb4       0x98 ./USB_DEVICE/Target/usbd_conf.o
                0x0800cfb4                USBD_LL_Init
 .text.USBD_LL_Start
                0x0800d04c       0x36 ./USB_DEVICE/Target/usbd_conf.o
                0x0800d04c                USBD_LL_Start
 .text.USBD_LL_OpenEP
                0x0800d082       0x4c ./USB_DEVICE/Target/usbd_conf.o
                0x0800d082                USBD_LL_OpenEP
 .text.USBD_LL_CloseEP
                0x0800d0ce       0x3e ./USB_DEVICE/Target/usbd_conf.o
                0x0800d0ce                USBD_LL_CloseEP
 .text.USBD_LL_StallEP
                0x0800d10c       0x3e ./USB_DEVICE/Target/usbd_conf.o
                0x0800d10c                USBD_LL_StallEP
 .text.USBD_LL_ClearStallEP
                0x0800d14a       0x3e ./USB_DEVICE/Target/usbd_conf.o
                0x0800d14a                USBD_LL_ClearStallEP
 .text.USBD_LL_IsStallEP
                0x0800d188       0x58 ./USB_DEVICE/Target/usbd_conf.o
                0x0800d188                USBD_LL_IsStallEP
 .text.USBD_LL_SetUSBAddress
                0x0800d1e0       0x3e ./USB_DEVICE/Target/usbd_conf.o
                0x0800d1e0                USBD_LL_SetUSBAddress
 .text.USBD_LL_Transmit
                0x0800d21e       0x42 ./USB_DEVICE/Target/usbd_conf.o
                0x0800d21e                USBD_LL_Transmit
 .text.USBD_LL_PrepareReceive
                0x0800d260       0x42 ./USB_DEVICE/Target/usbd_conf.o
                0x0800d260                USBD_LL_PrepareReceive
 .text.USBD_LL_GetRxDataSize
                0x0800d2a2       0x26 ./USB_DEVICE/Target/usbd_conf.o
                0x0800d2a2                USBD_LL_GetRxDataSize
 .text.HAL_PCDEx_LPM_Callback
                0x0800d2c8       0x9c ./USB_DEVICE/Target/usbd_conf.o
                0x0800d2c8                HAL_PCDEx_LPM_Callback
 .text.SystemClockConfig_Resume
                0x0800d364        0xc ./USB_DEVICE/Target/usbd_conf.o
 .text.USBD_Get_USB_Status
                0x0800d370       0x58 ./USB_DEVICE/Target/usbd_conf.o
                0x0800d370                USBD_Get_USB_Status
 .text.malloc   0x0800d3c8       0x10 C:/ST/STM32CubeIDE_2.0.0/STM32CubeIDE/plugins/com.st.stm32cube.ide.mcu.externaltools.gnu-tools-for-stm32.13.3.rel1.win32_1.0.100.202509120712/tools/bin/../lib/gcc/arm-none-eabi/13.3.1/../../../../arm-none-eabi/lib/thumb/v7e-m+dp/hard\libc_nano.a(libc_a-malloc.o)
                0x0800d3c8                malloc
 .text.free     0x0800d3d8       0x10 C:/ST/STM32CubeIDE_2.0.0/STM32CubeIDE/plugins/com.st.stm32cube.ide.mcu.externaltools.gnu-tools-for-stm32.13.3.rel1.win32_1.0.100.202509120712/tools/bin/../lib/gcc/arm-none-eabi/13.3.1/../../../../arm-none-eabi/lib/thumb/v7e-m+dp/hard\libc_nano.a(libc_a-malloc.o)
                0x0800d3d8                free
 .text.sbrk_aligned
                0x0800d3e8       0x44 C:/ST/STM32CubeIDE_2.0.0/STM32CubeIDE/plugins/com.st.stm32cube.ide.mcu.externaltools.gnu-tools-for-stm32.13.3.rel1.win32_1.0.100.202509120712/tools/bin/../lib/gcc/arm-none-eabi/13.3.1/../../../../arm-none-eabi/lib/thumb/v7e-m+dp/hard\libc_nano.a(libc_a-mallocr.o)
 .text._malloc_r
                0x0800d42c      0x100 C:/ST/STM32CubeIDE_2.0.0/STM32CubeIDE/plugins/com.st.stm32cube.ide.mcu.externaltools.gnu-tools-for-stm32.13.3.rel1.win32_1.0.100.202509120712/tools/bin/../lib/gcc/arm-none-eabi/13.3.1/../../../../arm-none-eabi/lib/thumb/v7e-m+dp/hard\libc_nano.a(libc_a-mallocr.o)
                0x0800d42c                _malloc_r
 .text.__malloc_lock
                0x0800d52c        0xc C:/ST/STM32CubeIDE_2.0.0/STM32CubeIDE/plugins/com.st.stm32cube.ide.mcu.externaltools.gnu-tools-for-stm32.13.3.rel1.win32_1.0.100.202509120712/tools/bin/../lib/gcc/arm-none-eabi/13.3.1/../../../../arm-none-eabi/lib/thumb/v7e-m+dp/hard\libc_nano.a(libc_a-mlock.o)
                0x0800d52c                __malloc_lock
 .text.__malloc_unlock
                0x0800d538        0xc C:/ST/STM32CubeIDE_2.0.0/STM32CubeIDE/plugins/com.st.stm32cube.ide.mcu.externaltools.gnu-tools-for-stm32.13.3.rel1.win32_1.0.100.202509120712/tools/bin/../lib/gcc/arm-none-eabi/13.3.1/../../../../arm-none-eabi/lib/thumb/v7e-m+dp/hard\libc_nano.a(libc_a-mlock.o)
                0x0800d538                __malloc_unlock
 .text.memset   0x0800d544       0x10 C:/ST/STM32CubeIDE_2.0.0/STM32CubeIDE/plugins/com.st.stm32cube.ide.mcu.externaltools.gnu-tools-for-stm32.13.3.rel1.win32_1.0.100.202509120712/tools/bin/../lib/gcc/arm-none-eabi/13.3.1/../../../../arm-none-eabi/lib/thumb/v7e-m+dp/hard\libc_nano.a(libc_a-memset.o)
                0x0800d544                memset
 .text._sbrk_r  0x0800d554       0x20 C:/ST/STM32CubeIDE_2.0.0/STM32CubeIDE/plugins/com.st.stm32cube.ide.mcu.externaltools.gnu-tools-for-stm32.13.3.rel1.win32_1.0.100.202509120712/tools/bin/../lib/gcc/arm-none-eabi/13.3.1/../../../../arm-none-eabi/lib/thumb/v7e-m+dp/hard\libc_nano.a(libc_a-sbrkr.o)
                0x0800d554                _sbrk_r
 .text.__errno  0x0800d574        0xc C:/ST/STM32CubeIDE_2.0.0/STM32CubeIDE/plugins/com.st.stm32cube.ide.mcu.externaltools.gnu-tools-for-stm32.13.3.rel1.win32_1.0.100.202509120712/tools/bin/../lib/gcc/arm-none-eabi/13.3.1/../../../../arm-none-eabi/lib/thumb/v7e-m+dp/hard\libc_nano.a(libc_a-errno.o)
                0x0800d574                __errno
 .text.__libc_init_array
                0x0800d580       0x48 C:/ST/STM32CubeIDE_2.0.0/STM32CubeIDE/plugins/com.st.stm32cube.ide.mcu.externaltools.gnu-tools-for-stm32.13.3.rel1.win32_1.0.100.202509120712/tools/bin/../lib/gcc/arm-none-eabi/13.3.1/../../../../arm-none-eabi/lib/thumb/v7e-m+dp/hard\libc_nano.a(libc_a-init.o)
                0x0800d580                __libc_init_array
 .text.__retarget_lock_acquire_recursive
                0x0800d5c8        0x2 C:/ST/STM32CubeIDE_2.0.0/STM32CubeIDE/plugins/com.st.stm32cube.ide.mcu.externaltools.gnu-tools-for-stm32.13.3.rel1.win32_1.0.100.202509120712/tools/bin/../lib/gcc/arm-none-eabi/13.3.1/../../../../arm-none-eabi/lib/thumb/v7e-m+dp/hard\libc_nano.a(libc_a-lock.o)
                0x0800d5c8                __retarget_lock_acquire_recursive
 .text.__retarget_lock_release_recursive
                0x0800d5ca        0x2 C:/ST/STM32CubeIDE_2.0.0/STM32CubeIDE/plugins/com.st.stm32cube.ide.mcu.externaltools.gnu-tools-for-stm32.13.3.rel1.win32_1.0.100.202509120712/tools/bin/../lib/gcc/arm-none-eabi/13.3.1/../../../../arm-none-eabi/lib/thumb/v7e-m+dp/hard\libc_nano.a(libc_a-lock.o)
                0x0800d5ca                __retarget_lock_release_recursive
 .text._free_r  0x0800d5cc       0x94 C:/ST/STM32CubeIDE_2.0.0/STM32CubeIDE/plugins/com.st.stm32cube.ide.mcu.externaltools.gnu-tools-for-stm32.13.3.rel1.win32_1.0.100.202509120712/tools/bin/../lib/gcc/arm-none-eabi/13.3.1/../../../../arm-none-eabi/lib/thumb/v7e-m+dp/hard\libc_nano.a(libc_a-freer.o)
                0x0800d5cc                _free_r
 *(.glue_7)
 .glue_7        0x0800d660        0x0 linker stubs
 *(.glue_7t)
 .glue_7t       0x0800d660        0x0 linker stubs
 *(.eh_frame)
 .eh_frame      0x0800d660        0x0 C:/ST/STM32CubeIDE_2.0.0/STM32CubeIDE/plugins/com.st.stm32cube.ide.mcu.externaltools.gnu-tools-for-stm32.13.3.rel1.win32_1.0.100.202509120712/tools/bin/../lib/gcc/arm-none-eabi/13.3.1/thumb/v7e-m+dp/hard/crtbegin.o
 *(.init)
 .init          0x0800d660        0x4 C:/ST/STM32CubeIDE_2.0.0/STM32CubeIDE/plugins/com.st.stm32cube.ide.mcu.externaltools.gnu-tools-for-stm32.13.3.rel1.win32_1.0.100.202509120712/tools/bin/../lib/gcc/arm-none-eabi/13.3.1/thumb/v7e-m+dp/hard/crti.o
                0x0800d660                _init
 .init          0x0800d664        0x8 C:/ST/STM32CubeIDE_2.0.0/STM32CubeIDE/plugins/com.st.stm32cube.ide.mcu.externaltools.gnu-tools-for-stm32.13.3.rel1.win32_1.0.100.202509120712/tools/bin/../lib/gcc/arm-none-eabi/13.3.1/thumb/v7e-m+dp/hard/crtn.o
 *(.fini)
 .fini          0x0800d66c        0x4 C:/ST/STM32CubeIDE_2.0.0/STM32CubeIDE/plugins/com.st.stm32cube.ide.mcu.externaltools.gnu-tools-for-stm32.13.3.rel1.win32_1.0.100.202509120712/tools/bin/../lib/gcc/arm-none-eabi/13.3.1/thumb/v7e-m+dp/hard/crti.o
                0x0800d66c                _fini
 .fini          0x0800d670        0x8 C:/ST/STM32CubeIDE_2.0.0/STM32CubeIDE/plugins/com.st.stm32cube.ide.mcu.externaltools.gnu-tools-for-stm32.13.3.rel1.win32_1.0.100.202509120712/tools/bin/../lib/gcc/arm-none-eabi/13.3.1/thumb/v7e-m+dp/hard/crtn.o
                0x0800d678                        . = ALIGN (0x4)
                0x0800d678                        _etext = .

.vfp11_veneer   0x0800d678        0x0
 .vfp11_veneer  0x0800d678        0x0 linker stubs

.v4_bx          0x0800d678        0x0
 .v4_bx         0x0800d678        0x0 linker stubs

.iplt           0x0800d678        0x0
 .iplt          0x0800d678        0x0 C:/ST/STM32CubeIDE_2.0.0/STM32CubeIDE/plugins/com.st.stm32cube.ide.mcu.externaltools.gnu-tools-for-stm32.13.3.rel1.win32_1.0.100.202509120712/tools/bin/../lib/gcc/arm-none-eabi/13.3.1/thumb/v7e-m+dp/hard/crtbegin.o

.rodata         0x0800d678       0x68
                0x0800d678                        . = ALIGN (0x4)
 *(.rodata)
 .rodata        0x0800d678       0x46 ./USB_DEVICE/App/usbd_desc.o
 *(.rodata*)
 *fill*         0x0800d6be        0x2 
 .rodata.AHBPrescTable
                0x0800d6c0       0x10 ./Core/Src/system_stm32f7xx.o
                0x0800d6c0                AHBPrescTable
 .rodata.APBPrescTable
                0x0800d6d0        0x8 ./Core/Src/system_stm32f7xx.o
                0x0800d6d0                APBPrescTable
 .rodata.flagBitshiftOffset.0
                0x0800d6d8        0x8 ./Drivers/STM32F7xx_HAL_Driver/Src/stm32f7xx_hal_dma.o
                0x0800d6e0                        . = ALIGN (0x4)

.ARM.extab      0x0800d6e0        0x0
                0x0800d6e0                        . = ALIGN (0x4)
 *(.ARM.extab* .gnu.linkonce.armextab.*)
                0x0800d6e0                        . = ALIGN (0x4)

.ARM            0x0800d6e0        0x8
                0x0800d6e0                        . = ALIGN (0x4)
                0x0800d6e0                        __exidx_start = .
 *(.ARM.exidx*)
 .ARM.exidx     0x0800d6e0        0x8 C:/ST/STM32CubeIDE_2.0.0/STM32CubeIDE/plugins/com.st.stm32cube.ide.mcu.externaltools.gnu-tools-for-stm32.13.3.rel1.win32_1.0.100.202509120712/tools/bin/../lib/gcc/arm-none-eabi/13.3.1/thumb/v7e-m+dp/hard\libgcc.a(_udivmoddi4.o)
                0x0800d6e8                        __exidx_end = .
                0x0800d6e8                        . = ALIGN (0x4)

.preinit_array  0x0800d6e8        0x0
                0x0800d6e8                        . = ALIGN (0x4)
                0x0800d6e8                        PROVIDE (__preinit_array_start = .)
 *(.preinit_array*)
                0x0800d6e8                        PROVIDE (__preinit_array_end = .)
                0x0800d6e8                        . = ALIGN (0x4)

.init_array     0x0800d6e8        0x4
                0x0800d6e8                        . = ALIGN (0x4)
                0x0800d6e8                        PROVIDE (__init_array_start = .)
 *(SORT_BY_NAME(.init_array.*))
 *(.init_array*)
 .init_array    0x0800d6e8        0x4 C:/ST/STM32CubeIDE_2.0.0/STM32CubeIDE/plugins/com.st.stm32cube.ide.mcu.externaltools.gnu-tools-for-stm32.13.3.rel1.win32_1.0.100.202509120712/tools/bin/../lib/gcc/arm-none-eabi/13.3.1/thumb/v7e-m+dp/hard/crtbegin.o
                0x0800d6ec                        PROVIDE (__init_array_end = .)
                0x0800d6ec                        . = ALIGN (0x4)

.fini_array     0x0800d6ec        0x4
                0x0800d6ec                        . = ALIGN (0x4)
                [!provide]                        PROVIDE (__fini_array_start = .)
 *(SORT_BY_NAME(.fini_array.*))
 *(.fini_array*)
 .fini_array    0x0800d6ec        0x4 C:/ST/STM32CubeIDE_2.0.0/STM32CubeIDE/plugins/com.st.stm32cube.ide.mcu.externaltools.gnu-tools-for-stm32.13.3.rel1.win32_1.0.100.202509120712/tools/bin/../lib/gcc/arm-none-eabi/13.3.1/thumb/v7e-m+dp/hard/crtbegin.o
                [!provide]                        PROVIDE (__fini_array_end = .)
                0x0800d6f0                        . = ALIGN (0x4)
                0x0800d6f0                        _sidata = LOADADDR (.data)

.rel.dyn        0x0800d6f0        0x0
 .rel.iplt      0x0800d6f0        0x0 C:/ST/STM32CubeIDE_2.0.0/STM32CubeIDE/plugins/com.st.stm32cube.ide.mcu.externaltools.gnu-tools-for-stm32.13.3.rel1.win32_1.0.100.202509120712/tools/bin/../lib/gcc/arm-none-eabi/13.3.1/thumb/v7e-m+dp/hard/crtbegin.o

.data           0x20000000      0x15c load address 0x0800d6f0
                0x20000000                        . = ALIGN (0x4)
                0x20000000                        _sdata = .
 *(.data)
 *(.data*)
 .data.SystemCoreClock
                0x20000000        0x4 ./Core/Src/system_stm32f7xx.o
                0x20000000                SystemCoreClock
 .data.uwTickPrio
                0x20000004        0x4 ./Drivers/STM32F7xx_HAL_Driver/Src/stm32f7xx_hal.o
                0x20000004                uwTickPrio
 .data.uwTickFreq
                0x20000008        0x1 ./Drivers/STM32F7xx_HAL_Driver/Src/stm32f7xx_hal.o
                0x20000008                uwTickFreq
 *fill*         0x20000009        0x3 
 .data.USBD_CDC_DeviceQualifierDesc
                0x2000000c        0xa ./Middlewares/ST/STM32_USB_Device_Library/Class/CDC/Src/usbd_cdc.o
 *fill*         0x20000016        0x2 
 .data.USBD_CDC
                0x20000018       0x38 ./Middlewares/ST/STM32_USB_Device_Library/Class/CDC/Src/usbd_cdc.o
                0x20000018                USBD_CDC
 .data.USBD_CDC_CfgDesc
                0x20000050       0x43 ./Middlewares/ST/STM32_USB_Device_Library/Class/CDC/Src/usbd_cdc.o
 .data.CDCInEpAdd
                0x20000093        0x1 ./Middlewares/ST/STM32_USB_Device_Library/Class/CDC/Src/usbd_cdc.o
 .data.CDCOutEpAdd
                0x20000094        0x1 ./Middlewares/ST/STM32_USB_Device_Library/Class/CDC/Src/usbd_cdc.o
 .data.CDCCmdEpAdd
                0x20000095        0x1 ./Middlewares/ST/STM32_USB_Device_Library/Class/CDC/Src/usbd_cdc.o
 *fill*         0x20000096        0x2 
 .data.USBD_Interface_fops_FS
                0x20000098       0x14 ./USB_DEVICE/App/usbd_cdc_if.o
                0x20000098                USBD_Interface_fops_FS
 .data.FS_Desc  0x200000ac       0x20 ./USB_DEVICE/App/usbd_desc.o
                0x200000ac                FS_Desc
 .data.USBD_FS_DeviceDesc
                0x200000cc       0x12 ./USB_DEVICE/App/usbd_desc.o
                0x200000cc                USBD_FS_DeviceDesc
 *fill*         0x200000de        0x2 
 .data.USBD_FS_BOSDesc
                0x200000e0        0xc ./USB_DEVICE/App/usbd_desc.o
                0x200000e0                USBD_FS_BOSDesc
 .data.USBD_LangIDDesc
                0x200000ec        0x4 ./USB_DEVICE/App/usbd_desc.o
                0x200000ec                USBD_LangIDDesc
 .data.USBD_StringSerial
                0x200000f0       0x1a ./USB_DEVICE/App/usbd_desc.o
                0x200000f0                USBD_StringSerial
 *fill*         0x2000010a        0x2 
 .data._impure_ptr
                0x2000010c        0x4 C:/ST/STM32CubeIDE_2.0.0/STM32CubeIDE/plugins/com.st.stm32cube.ide.mcu.externaltools.gnu-tools-for-stm32.13.3.rel1.win32_1.0.100.202509120712/tools/bin/../lib/gcc/arm-none-eabi/13.3.1/../../../../arm-none-eabi/lib/thumb/v7e-m+dp/hard\libc_nano.a(libc_a-impure.o)
                0x2000010c                _impure_ptr
 .data._impure_data
                0x20000110       0x4c C:/ST/STM32CubeIDE_2.0.0/STM32CubeIDE/plugins/com.st.stm32cube.ide.mcu.externaltools.gnu-tools-for-stm32.13.3.rel1.win32_1.0.100.202509120712/tools/bin/../lib/gcc/arm-none-eabi/13.3.1/../../../../arm-none-eabi/lib/thumb/v7e-m+dp/hard\libc_nano.a(libc_a-impure.o)
                0x20000110                _impure_data
 *(.RamFunc)
 *(.RamFunc*)
                0x2000015c                        . = ALIGN (0x4)
                0x2000015c                        _edata = .

.igot.plt       0x2000015c        0x0 load address 0x0800d84c
 .igot.plt      0x2000015c        0x0 C:/ST/STM32CubeIDE_2.0.0/STM32CubeIDE/plugins/com.st.stm32cube.ide.mcu.externaltools.gnu-tools-for-stm32.13.3.rel1.win32_1.0.100.202509120712/tools/bin/../lib/gcc/arm-none-eabi/13.3.1/thumb/v7e-m+dp/hard/crtbegin.o
                0x2000015c                        . = ALIGN (0x4)

.bss            0x2000015c     0x2628 load address 0x0800d84c
                0x2000015c                        _sbss = .
                0x2000015c                        __bss_start__ = _sbss
 *(.bss)
 .bss           0x2000015c       0x1c C:/ST/STM32CubeIDE_2.0.0/STM32CubeIDE/plugins/com.st.stm32cube.ide.mcu.externaltools.gnu-tools-for-stm32.13.3.rel1.win32_1.0.100.202509120712/tools/bin/../lib/gcc/arm-none-eabi/13.3.1/thumb/v7e-m+dp/hard/crtbegin.o
 *(.bss*)
 .bss.hadc1     0x20000178       0x48 ./Core/Src/main.o
                0x20000178                hadc1
 .bss.hadc2     0x200001c0       0x48 ./Core/Src/main.o
                0x200001c0                hadc2
 .bss.hadc3     0x20000208       0x48 ./Core/Src/main.o
                0x20000208                hadc3
 .bss.hdma_adc1
                0x20000250       0x60 ./Core/Src/main.o
                0x20000250                hdma_adc1
 .bss.hdma_adc2
                0x200002b0       0x60 ./Core/Src/main.o
                0x200002b0                hdma_adc2
 .bss.hdma_adc3
                0x20000310       0x60 ./Core/Src/main.o
                0x20000310                hdma_adc3
 .bss.hcan1     0x20000370       0x28 ./Core/Src/main.o
                0x20000370                hcan1
 .bss.hcan2     0x20000398       0x28 ./Core/Src/main.o
                0x20000398                hcan2
 .bss.hcan3     0x200003c0       0x28 ./Core/Src/main.o
                0x200003c0                hcan3
 .bss.hi2c1     0x200003e8       0x54 ./Core/Src/main.o
                0x200003e8                hi2c1
 .bss.hi2c2     0x2000043c       0x54 ./Core/Src/main.o
                0x2000043c                hi2c2
 .bss.hi2c3     0x20000490       0x54 ./Core/Src/main.o
                0x20000490                hi2c3
 .bss.hqspi     0x200004e4       0x4c ./Core/Src/main.o
                0x200004e4                hqspi
 .bss.hspi1     0x20000530       0x64 ./Core/Src/main.o
                0x20000530                hspi1
 .bss.hspi2     0x20000594       0x64 ./Core/Src/main.o
                0x20000594                hspi2
 .bss.hspi3     0x200005f8       0x64 ./Core/Src/main.o
                0x200005f8                hspi3
 .bss.hspi4     0x2000065c       0x64 ./Core/Src/main.o
                0x2000065c                hspi4
 .bss.hspi5     0x200006c0       0x64 ./Core/Src/main.o
                0x200006c0                hspi5
 .bss.hspi6     0x20000724       0x64 ./Core/Src/main.o
                0x20000724                hspi6
 .bss.htim1     0x20000788       0x4c ./Core/Src/main.o
                0x20000788                htim1
 .bss.htim2     0x200007d4       0x4c ./Core/Src/main.o
                0x200007d4                htim2
 .bss.htim3     0x20000820       0x4c ./Core/Src/main.o
                0x20000820                htim3
 .bss.htim4     0x2000086c       0x4c ./Core/Src/main.o
                0x2000086c                htim4
 .bss.huart4    0x200008b8       0x88 ./Core/Src/main.o
                0x200008b8                huart4
 .bss.huart5    0x20000940       0x88 ./Core/Src/main.o
                0x20000940                huart5
 .bss.huart7    0x200009c8       0x88 ./Core/Src/main.o
                0x200009c8                huart7
 .bss.huart8    0x20000a50       0x88 ./Core/Src/main.o
                0x20000a50                huart8
 .bss.huart2    0x20000ad8       0x88 ./Core/Src/main.o
                0x20000ad8                huart2
 .bss.huart3    0x20000b60       0x88 ./Core/Src/main.o
                0x20000b60                huart3
 .bss.huart6    0x20000be8       0x88 ./Core/Src/main.o
                0x20000be8                huart6
 .bss.HAL_RCC_CAN1_CLK_ENABLED
                0x20000c70        0x4 ./Core/Src/stm32f7xx_hal_msp.o
 .bss.__sbrk_heap_end
                0x20000c74        0x4 ./Core/Src/sysmem.o
 .bss.uwTick    0x20000c78        0x4 ./Drivers/STM32F7xx_HAL_Driver/Src/stm32f7xx_hal.o
                0x20000c78                uwTick
 .bss.cfgidx.0  0x20000c7c        0x1 ./Middlewares/ST/STM32_USB_Device_Library/Core/Src/usbd_ctlreq.o
 *fill*         0x20000c7d        0x3 
 .bss.hUsbDeviceFS
                0x20000c80      0x2dc ./USB_DEVICE/App/usb_device.o
                0x20000c80                hUsbDeviceFS
 .bss.UserRxBufferFS
                0x20000f5c      0x800 ./USB_DEVICE/App/usbd_cdc_if.o
                0x20000f5c                UserRxBufferFS
 .bss.UserTxBufferFS
                0x2000175c      0x800 ./USB_DEVICE/App/usbd_cdc_if.o
                0x2000175c                UserTxBufferFS
 .bss.USBD_StrDesc
                0x20001f5c      0x200 ./USB_DEVICE/App/usbd_desc.o
                0x20001f5c                USBD_StrDesc
 .bss.hpcd_USB_OTG_FS
                0x2000215c      0x4e0 ./USB_DEVICE/Target/usbd_conf.o
                0x2000215c                hpcd_USB_OTG_FS
 .bss.__malloc_sbrk_start
                0x2000263c        0x4 C:/ST/STM32CubeIDE_2.0.0/STM32CubeIDE/plugins/com.st.stm32cube.ide.mcu.externaltools.gnu-tools-for-stm32.13.3.rel1.win32_1.0.100.202509120712/tools/bin/../lib/gcc/arm-none-eabi/13.3.1/../../../../arm-none-eabi/lib/thumb/v7e-m+dp/hard\libc_nano.a(libc_a-mallocr.o)
                0x2000263c                __malloc_sbrk_start
 .bss.__malloc_free_list
                0x20002640        0x4 C:/ST/STM32CubeIDE_2.0.0/STM32CubeIDE/plugins/com.st.stm32cube.ide.mcu.externaltools.gnu-tools-for-stm32.13.3.rel1.win32_1.0.100.202509120712/tools/bin/../lib/gcc/arm-none-eabi/13.3.1/../../../../arm-none-eabi/lib/thumb/v7e-m+dp/hard\libc_nano.a(libc_a-mallocr.o)
                0x20002640                __malloc_free_list
 .bss.__sf      0x20002644      0x138 C:/ST/STM32CubeIDE_2.0.0/STM32CubeIDE/plugins/com.st.stm32cube.ide.mcu.externaltools.gnu-tools-for-stm32.13.3.rel1.win32_1.0.100.202509120712/tools/bin/../lib/gcc/arm-none-eabi/13.3.1/../../../../arm-none-eabi/lib/thumb/v7e-m+dp/hard\libc_nano.a(libc_a-findfp.o)
                0x20002644                __sf
 .bss.errno     0x2000277c        0x4 C:/ST/STM32CubeIDE_2.0.0/STM32CubeIDE/plugins/com.st.stm32cube.ide.mcu.externaltools.gnu-tools-for-stm32.13.3.rel1.win32_1.0.100.202509120712/tools/bin/../lib/gcc/arm-none-eabi/13.3.1/../../../../arm-none-eabi/lib/thumb/v7e-m+dp/hard\libc_nano.a(libc_a-reent.o)
                0x2000277c                errno
 .bss.__lock___malloc_recursive_mutex
                0x20002780        0x1 C:/ST/STM32CubeIDE_2.0.0/STM32CubeIDE/plugins/com.st.stm32cube.ide.mcu.externaltools.gnu-tools-for-stm32.13.3.rel1.win32_1.0.100.202509120712/tools/bin/../lib/gcc/arm-none-eabi/13.3.1/../../../../arm-none-eabi/lib/thumb/v7e-m+dp/hard\libc_nano.a(libc_a-lock.o)
                0x20002780                __lock___malloc_recursive_mutex
 *(COMMON)
                0x20002784                        . = ALIGN (0x4)
 *fill*         0x20002781        0x3 
                0x20002784                        _ebss = .
                0x20002784                        __bss_end__ = _ebss

._user_heap_stack
                0x20002784      0x604 load address 0x0800d84c
                0x20002788                        . = ALIGN (0x8)
 *fill*         0x20002784        0x4 
                [!provide]                        PROVIDE (end = .)
                0x20002788                        PROVIDE (_end = .)
                0x20002988                        . = (. + _Min_Heap_Size)
 *fill*         0x20002788      0x200 
                0x20002d88                        . = (. + _Min_Stack_Size)
 *fill*         0x20002988      0x400 
                0x20002d88                        . = ALIGN (0x8)

/DISCARD/
 libc.a(*)
 libm.a(*)
 libgcc.a(*)

.ARM.attributes
                0x00000000       0x2e
 *(.ARM.attributes)
 .ARM.attributes
                0x00000000       0x20 C:/ST/STM32CubeIDE_2.0.0/STM32CubeIDE/plugins/com.st.stm32cube.ide.mcu.externaltools.gnu-tools-for-stm32.13.3.rel1.win32_1.0.100.202509120712/tools/bin/../lib/gcc/arm-none-eabi/13.3.1/thumb/v7e-m+dp/hard/crti.o
 .ARM.attributes
                0x00000020       0x32 C:/ST/STM32CubeIDE_2.0.0/STM32CubeIDE/plugins/com.st.stm32cube.ide.mcu.externaltools.gnu-tools-for-stm32.13.3.rel1.win32_1.0.100.202509120712/tools/bin/../lib/gcc/arm-none-eabi/13.3.1/thumb/v7e-m+dp/hard/crtbegin.o
 .ARM.attributes
                0x00000052       0x32 ./Core/Src/main.o
 .ARM.attributes
                0x00000084       0x32 ./Core/Src/stm32f7xx_hal_msp.o
 .ARM.attributes
                0x000000b6       0x32 ./Core/Src/stm32f7xx_it.o
 .ARM.attributes
                0x000000e8       0x32 ./Core/Src/sysmem.o
 .ARM.attributes
                0x0000011a       0x32 ./Core/Src/system_stm32f7xx.o
 .ARM.attributes
                0x0000014c       0x21 ./Core/Startup/startup_stm32f767zitx.o
 .ARM.attributes
                0x0000016d       0x32 ./Drivers/STM32F7xx_HAL_Driver/Src/stm32f7xx_hal.o
 .ARM.attributes
                0x0000019f       0x32 ./Drivers/STM32F7xx_HAL_Driver/Src/stm32f7xx_hal_adc.o
 .ARM.attributes
                0x000001d1       0x32 ./Drivers/STM32F7xx_HAL_Driver/Src/stm32f7xx_hal_can.o
 .ARM.attributes
                0x00000203       0x32 ./Drivers/STM32F7xx_HAL_Driver/Src/stm32f7xx_hal_cortex.o
 .ARM.attributes
                0x00000235       0x32 ./Drivers/STM32F7xx_HAL_Driver/Src/stm32f7xx_hal_dma.o
 .ARM.attributes
                0x00000267       0x32 ./Drivers/STM32F7xx_HAL_Driver/Src/stm32f7xx_hal_gpio.o
 .ARM.attributes
                0x00000299       0x32 ./Drivers/STM32F7xx_HAL_Driver/Src/stm32f7xx_hal_i2c.o
 .ARM.attributes
                0x000002cb       0x32 ./Drivers/STM32F7xx_HAL_Driver/Src/stm32f7xx_hal_i2c_ex.o
 .ARM.attributes
                0x000002fd       0x32 ./Drivers/STM32F7xx_HAL_Driver/Src/stm32f7xx_hal_pcd.o
 .ARM.attributes
                0x0000032f       0x32 ./Drivers/STM32F7xx_HAL_Driver/Src/stm32f7xx_hal_pcd_ex.o
 .ARM.attributes
                0x00000361       0x32 ./Drivers/STM32F7xx_HAL_Driver/Src/stm32f7xx_hal_pwr.o
 .ARM.attributes
                0x00000393       0x32 ./Drivers/STM32F7xx_HAL_Driver/Src/stm32f7xx_hal_pwr_ex.o
 .ARM.attributes
                0x000003c5       0x32 ./Drivers/STM32F7xx_HAL_Driver/Src/stm32f7xx_hal_qspi.o
 .ARM.attributes
                0x000003f7       0x32 ./Drivers/STM32F7xx_HAL_Driver/Src/stm32f7xx_hal_rcc.o
 .ARM.attributes
                0x00000429       0x32 ./Drivers/STM32F7xx_HAL_Driver/Src/stm32f7xx_hal_rcc_ex.o
 .ARM.attributes
                0x0000045b       0x32 ./Drivers/STM32F7xx_HAL_Driver/Src/stm32f7xx_hal_spi.o
 .ARM.attributes
                0x0000048d       0x32 ./Drivers/STM32F7xx_HAL_Driver/Src/stm32f7xx_hal_tim.o
 .ARM.attributes
                0x000004bf       0x32 ./Drivers/STM32F7xx_HAL_Driver/Src/stm32f7xx_hal_tim_ex.o
 .ARM.attributes
                0x000004f1       0x32 ./Drivers/STM32F7xx_HAL_Driver/Src/stm32f7xx_hal_uart.o
 .ARM.attributes
                0x00000523       0x32 ./Drivers/STM32F7xx_HAL_Driver/Src/stm32f7xx_ll_usb.o
 .ARM.attributes
                0x00000555       0x32 ./Middlewares/ST/STM32_USB_Device_Library/Class/CDC/Src/usbd_cdc.o
 .ARM.attributes
                0x00000587       0x32 ./Middlewares/ST/STM32_USB_Device_Library/Core/Src/usbd_core.o
 .ARM.attributes
                0x000005b9       0x32 ./Middlewares/ST/STM32_USB_Device_Library/Core/Src/usbd_ctlreq.o
 .ARM.attributes
                0x000005eb       0x32 ./Middlewares/ST/STM32_USB_Device_Library/Core/Src/usbd_ioreq.o
 .ARM.attributes
                0x0000061d       0x32 ./USB_DEVICE/App/usb_device.o
 .ARM.attributes
                0x0000064f       0x32 ./USB_DEVICE/App/usbd_cdc_if.o
 .ARM.attributes
                0x00000681       0x32 ./USB_DEVICE/App/usbd_desc.o
 .ARM.attributes
                0x000006b3       0x32 ./USB_DEVICE/Target/usbd_conf.o
 .ARM.attributes
                0x000006e5       0x32 C:/ST/STM32CubeIDE_2.0.0/STM32CubeIDE/plugins/com.st.stm32cube.ide.mcu.externaltools.gnu-tools-for-stm32.13.3.rel1.win32_1.0.100.202509120712/tools/bin/../lib/gcc/arm-none-eabi/13.3.1/../../../../arm-none-eabi/lib/thumb/v7e-m+dp/hard\libc_nano.a(libc_a-malloc.o)
 .ARM.attributes
                0x00000717       0x32 C:/ST/STM32CubeIDE_2.0.0/STM32CubeIDE/plugins/com.st.stm32cube.ide.mcu.externaltools.gnu-tools-for-stm32.13.3.rel1.win32_1.0.100.202509120712/tools/bin/../lib/gcc/arm-none-eabi/13.3.1/../../../../arm-none-eabi/lib/thumb/v7e-m+dp/hard\libc_nano.a(libc_a-mallocr.o)
 .ARM.attributes
                0x00000749       0x32 C:/ST/STM32CubeIDE_2.0.0/STM32CubeIDE/plugins/com.st.stm32cube.ide.mcu.externaltools.gnu-tools-for-stm32.13.3.rel1.win32_1.0.100.202509120712/tools/bin/../lib/gcc/arm-none-eabi/13.3.1/../../../../arm-none-eabi/lib/thumb/v7e-m+dp/hard\libc_nano.a(libc_a-mlock.o)
 .ARM.attributes
                0x0000077b       0x32 C:/ST/STM32CubeIDE_2.0.0/STM32CubeIDE/plugins/com.st.stm32cube.ide.mcu.externaltools.gnu-tools-for-stm32.13.3.rel1.win32_1.0.100.202509120712/tools/bin/../lib/gcc/arm-none-eabi/13.3.1/../../../../arm-none-eabi/lib/thumb/v7e-m+dp/hard\libc_nano.a(libc_a-findfp.o)
 .ARM.attributes
                0x000007ad       0x32 C:/ST/STM32CubeIDE_2.0.0/STM32CubeIDE/plugins/com.st.stm32cube.ide.mcu.externaltools.gnu-tools-for-stm32.13.3.rel1.win32_1.0.100.202509120712/tools/bin/../lib/gcc/arm-none-eabi/13.3.1/../../../../arm-none-eabi/lib/thumb/v7e-m+dp/hard\libc_nano.a(libc_a-memset.o)
 .ARM.attributes
                0x000007df       0x32 C:/ST/STM32CubeIDE_2.0.0/STM32CubeIDE/plugins/com.st.stm32cube.ide.mcu.externaltools.gnu-tools-for-stm32.13.3.rel1.win32_1.0.100.202509120712/tools/bin/../lib/gcc/arm-none-eabi/13.3.1/../../../../arm-none-eabi/lib/thumb/v7e-m+dp/hard\libc_nano.a(libc_a-reent.o)
 .ARM.attributes
                0x00000811       0x32 C:/ST/STM32CubeIDE_2.0.0/STM32CubeIDE/plugins/com.st.stm32cube.ide.mcu.externaltools.gnu-tools-for-stm32.13.3.rel1.win32_1.0.100.202509120712/tools/bin/../lib/gcc/arm-none-eabi/13.3.1/../../../../arm-none-eabi/lib/thumb/v7e-m+dp/hard\libc_nano.a(libc_a-impure.o)
 .ARM.attributes
                0x00000843       0x32 C:/ST/STM32CubeIDE_2.0.0/STM32CubeIDE/plugins/com.st.stm32cube.ide.mcu.externaltools.gnu-tools-for-stm32.13.3.rel1.win32_1.0.100.202509120712/tools/bin/../lib/gcc/arm-none-eabi/13.3.1/../../../../arm-none-eabi/lib/thumb/v7e-m+dp/hard\libc_nano.a(libc_a-sbrkr.o)
 .ARM.attributes
                0x00000875       0x32 C:/ST/STM32CubeIDE_2.0.0/STM32CubeIDE/plugins/com.st.stm32cube.ide.mcu.externaltools.gnu-tools-for-stm32.13.3.rel1.win32_1.0.100.202509120712/tools/bin/../lib/gcc/arm-none-eabi/13.3.1/../../../../arm-none-eabi/lib/thumb/v7e-m+dp/hard\libc_nano.a(libc_a-errno.o)
 .ARM.attributes
                0x000008a7       0x32 C:/ST/STM32CubeIDE_2.0.0/STM32CubeIDE/plugins/com.st.stm32cube.ide.mcu.externaltools.gnu-tools-for-stm32.13.3.rel1.win32_1.0.100.202509120712/tools/bin/../lib/gcc/arm-none-eabi/13.3.1/../../../../arm-none-eabi/lib/thumb/v7e-m+dp/hard\libc_nano.a(libc_a-init.o)
 .ARM.attributes
                0x000008d9       0x32 C:/ST/STM32CubeIDE_2.0.0/STM32CubeIDE/plugins/com.st.stm32cube.ide.mcu.externaltools.gnu-tools-for-stm32.13.3.rel1.win32_1.0.100.202509120712/tools/bin/../lib/gcc/arm-none-eabi/13.3.1/../../../../arm-none-eabi/lib/thumb/v7e-m+dp/hard\libc_nano.a(libc_a-lock.o)
 .ARM.attributes
                0x0000090b       0x32 C:/ST/STM32CubeIDE_2.0.0/STM32CubeIDE/plugins/com.st.stm32cube.ide.mcu.externaltools.gnu-tools-for-stm32.13.3.rel1.win32_1.0.100.202509120712/tools/bin/../lib/gcc/arm-none-eabi/13.3.1/../../../../arm-none-eabi/lib/thumb/v7e-m+dp/hard\libc_nano.a(libc_a-freer.o)
 .ARM.attributes
                0x0000093d       0x20 C:/ST/STM32CubeIDE_2.0.0/STM32CubeIDE/plugins/com.st.stm32cube.ide.mcu.externaltools.gnu-tools-for-stm32.13.3.rel1.win32_1.0.100.202509120712/tools/bin/../lib/gcc/arm-none-eabi/13.3.1/thumb/v7e-m+dp/hard\libgcc.a(_aeabi_uldivmod.o)
 .ARM.attributes
                0x0000095d       0x32 C:/ST/STM32CubeIDE_2.0.0/STM32CubeIDE/plugins/com.st.stm32cube.ide.mcu.externaltools.gnu-tools-for-stm32.13.3.rel1.win32_1.0.100.202509120712/tools/bin/../lib/gcc/arm-none-eabi/13.3.1/thumb/v7e-m+dp/hard\libgcc.a(_udivmoddi4.o)
 .ARM.attributes
                0x0000098f       0x20 C:/ST/STM32CubeIDE_2.0.0/STM32CubeIDE/plugins/com.st.stm32cube.ide.mcu.externaltools.gnu-tools-for-stm32.13.3.rel1.win32_1.0.100.202509120712/tools/bin/../lib/gcc/arm-none-eabi/13.3.1/thumb/v7e-m+dp/hard\libgcc.a(_dvmd_tls.o)
 .ARM.attributes
                0x000009af       0x20 C:/ST/STM32CubeIDE_2.0.0/STM32CubeIDE/plugins/com.st.stm32cube.ide.mcu.externaltools.gnu-tools-for-stm32.13.3.rel1.win32_1.0.100.202509120712/tools/bin/../lib/gcc/arm-none-eabi/13.3.1/thumb/v7e-m+dp/hard/crtn.o
OUTPUT(BlueLightning.elf elf32-littlearm)
LOAD linker stubs
LOAD C:/ST/STM32CubeIDE_2.0.0/STM32CubeIDE/plugins/com.st.stm32cube.ide.mcu.externaltools.gnu-tools-for-stm32.13.3.rel1.win32_1.0.100.202509120712/tools/bin/../lib/gcc/arm-none-eabi/13.3.1/../../../../arm-none-eabi/lib/thumb/v7e-m+dp/hard\libc.a
LOAD C:/ST/STM32CubeIDE_2.0.0/STM32CubeIDE/plugins/com.st.stm32cube.ide.mcu.externaltools.gnu-tools-for-stm32.13.3.rel1.win32_1.0.100.202509120712/tools/bin/../lib/gcc/arm-none-eabi/13.3.1/../../../../arm-none-eabi/lib/thumb/v7e-m+dp/hard\libm.a
LOAD C:/ST/STM32CubeIDE_2.0.0/STM32CubeIDE/plugins/com.st.stm32cube.ide.mcu.externaltools.gnu-tools-for-stm32.13.3.rel1.win32_1.0.100.202509120712/tools/bin/../lib/gcc/arm-none-eabi/13.3.1/thumb/v7e-m+dp/hard\libgcc.a

.debug_info     0x00000000    0x24984
 .debug_info    0x00000000     0x2b94 ./Core/Src/main.o
 .debug_info    0x00002b94     0x2bc2 ./Core/Src/stm32f7xx_hal_msp.o
 .debug_info    0x00005756     0x111a ./Core/Src/stm32f7xx_it.o
 .debug_info    0x00006870      0x168 ./Core/Src/sysmem.o
 .debug_info    0x000069d8      0x6ed ./Core/Src/system_stm32f7xx.o
 .debug_info    0x000070c5       0x30 ./Core/Startup/startup_stm32f767zitx.o
 .debug_info    0x000070f5      0xa4c ./Drivers/STM32F7xx_HAL_Driver/Src/stm32f7xx_hal.o
 .debug_info    0x00007b41      0xc92 ./Drivers/STM32F7xx_HAL_Driver/Src/stm32f7xx_hal_adc.o
 .debug_info    0x000087d3      0xf0c ./Drivers/STM32F7xx_HAL_Driver/Src/stm32f7xx_hal_can.o
 .debug_info    0x000096df      0xfc0 ./Drivers/STM32F7xx_HAL_Driver/Src/stm32f7xx_hal_cortex.o
 .debug_info    0x0000a69f      0x8e7 ./Drivers/STM32F7xx_HAL_Driver/Src/stm32f7xx_hal_dma.o
 .debug_info    0x0000af86      0x6f3 ./Drivers/STM32F7xx_HAL_Driver/Src/stm32f7xx_hal_gpio.o
 .debug_info    0x0000b679     0x2147 ./Drivers/STM32F7xx_HAL_Driver/Src/stm32f7xx_hal_i2c.o
 .debug_info    0x0000d7c0      0x92e ./Drivers/STM32F7xx_HAL_Driver/Src/stm32f7xx_hal_i2c_ex.o
 .debug_info    0x0000e0ee     0x1599 ./Drivers/STM32F7xx_HAL_Driver/Src/stm32f7xx_hal_pcd.o
 .debug_info    0x0000f687      0x7a3 ./Drivers/STM32F7xx_HAL_Driver/Src/stm32f7xx_hal_pcd_ex.o